<html>
<body>
<pre>
<h1>µVision Build Log</h1>
<h2>Tool Versions:</h2>
IDE-Version: µVision V5.37.0.0
Copyright (C) 2022 ARM Ltd and ARM Germany GmbH. All rights reserved.
License Information: Mahmoud ElSabrouty, MF, LIC=----
 
Tool Versions:
Toolchain:       MDK-Lite  Version: 5.37.0.0
Toolchain Path:  C:\Keil_v5\ARM\ARMCLANG\Bin
C Compiler:      ArmClang.exe V6.18
Assembler:       Armasm.exe V6.18
Linker/Locator:  ArmLink.exe V6.18
Library Manager: ArmAr.exe V6.18
Hex Converter:   FromElf.exe V6.18
CPU DLL:         SARMCM3.DLL V5.37.0.0
Dialog DLL:      DCM.DLL V1.17.5.0
Target DLL:      lmidk-agdi.dll V???
Dialog DLL:      TCM.DLL V1.56.1.0
 
<h2>Project:</h2>
D:\MF\Personal\Intellectual\Embedded_SW\EgFWD\Advanced Embedded Systems\Exercise\Project1_Blinking_LED_control\Project1_Blinking_LED_control.uvprojx
Project File Date:  08/03/2022

<h2>Output:</h2>
*** Using Compiler 'V6.18', folder: 'C:\Keil_v5\ARM\ARMCLANG\Bin'
Rebuild target 'Target 1'
compiling IntCtrl_Lcfg.c...
COTS/MCAL/Config/Port_Lcfg.c(16): warning: In file included from...
./COTS/HAL\Port_Cfg.h(17): warning: In file included from...
./COTS/MCAL/Include\Port_Types.h(51): warning: commas at the end of enumerator lists are a C99-specific feature [-Wc99-extensions]
    CH8,
       ^
./COTS/MCAL/Include\Port_Types.h(66): warning: commas at the end of enumerator lists are a C99-specific feature [-Wc99-extensions]
    PIN_GPIO =0,  /*By Default GPIO*/
               ^~
COTS/MCAL/Config/Port_Lcfg.c(31): warning: no previous extern declaration for non-static variable 'PortConfigPtr' [-Wmissing-variable-declarations]
const Port_ConfigType PortConfigPtr[PORT_MAX_PIN_NO] = 
                      ^
COTS/MCAL/Config/Port_Lcfg.c(31): note: declare 'static' if the variable is not intended to be used outside of this translation unit
const Port_ConfigType PortConfigPtr[PORT_MAX_PIN_NO] = 
      ^
3 warnings generated.
compiling Port_Lcfg.c...
COTS/MCAL/IntCtrl/IntCtrl.c(64): warning: implicit declaration of function '__enable_irq' [-Wimplicit-function-declaration]
    __enable_irq(); /* global enable IRQs */
    ^
1 warning generated.
compiling IntCtrl.c...
COTS/MCAL/Gpio/Dio.c(16): warning: In file included from...
./COTS/MCAL/Include\Dio.h(19): warning: In file included from...
./COTS/MCAL/Include/Dio_Types.h(51): warning: commas at the end of enumerator lists are a C99-specific feature [-Wc99-extensions]
    DIO_CH8,
           ^
./COTS/MCAL/Include/Dio_Types.h(57): warning: commas at the end of enumerator lists are a C99-specific feature [-Wc99-extensions]
    DIO_PIN_SNA =0xFF,
                     ^
COTS/MCAL/Gpio/Dio.c(109): warning: // comments are not allowed in this language [-Wcomment]
    //TempRegVar = &( PORTX_ŸêAPB_GPIODATA_MASK(portName, portMask));
    ^
COTS/MCAL/Gpio/Dio.c(29): warning: no previous extern declaration for non-static variable 'TempRegVar' [-Wmissing-variable-declarations]
volatile uint32* TempRegVar;
                 ^
COTS/MCAL/Gpio/Dio.c(29): note: declare 'static' if the variable is not intended to be used outside of this translation unit
volatile uint32* TempRegVar;
         ^
4 warnings generated.
compiling Dio.c...
COTS/MCAL/Gpio/Port.c(16): warning: In file included from...
./COTS/MCAL/Include\Port.h(18): warning: In file included from...
./COTS/MCAL/Include/Port_Types.h(51): warning: commas at the end of enumerator lists are a C99-specific feature [-Wc99-extensions]
    CH8,
       ^
./COTS/MCAL/Include/Port_Types.h(66): warning: commas at the end of enumerator lists are a C99-specific feature [-Wc99-extensions]
    PIN_GPIO =0,  /*By Default GPIO*/
               ^~
COTS/MCAL/Gpio/Port.c(82): warning: empty expression statement has no effect; remove unnecessary ';' to silence this warning [-Wextra-semi-stmt]
        /*Do Nothing for Alternate Function - default Mode is GPIO*/;
                                                                    ^
COTS/MCAL/Gpio/Port.c(57): warning: unused function 'unlockPort' [-Wunused-function]
static void unlockPort(PORT_PortName portName)
            ^
4 warnings generated.
compiling Port.c...
COTS/APPLICATION/main.c(16): warning: In file included from...
./COTS/MCAL/Include\Gpt.h(19): warning: In file included from...
./COTS/MCAL/Include/Gpt_Types.h(46): warning: commas at the end of enumerator lists are a C99-specific feature [-Wc99-extensions]
        GPT_TMR11   ,      /*32/64-bit Wide Timer 5 base: 0x4004.F000           */   
                    ^~
./COTS/MCAL/Include/Gpt_Types.h(53): warning: commas at the end of enumerator lists are a C99-specific feature [-Wc99-extensions]
    GPT_PREDEF_TIMER_1000MS_32BIT = 16000000,
                                            ^
./COTS/MCAL/Include/Gpt_Types.h(59): warning: commas at the end of enumerator lists are a C99-specific feature [-Wc99-extensions]
    GPT_CH_MODE_ONESHOT_COUNTUP,
                               ^
./COTS/MCAL/Include/Gpt_Types.h(72): warning: padding struct 'Gpt_ConfigType' with 2 bytes to align 'gptPredefinedValue' [-Wpadded]
    Gpt_PredefTimerType gptPredefinedValue;
                        ^
COTS/APPLICATION/main.c(17): warning: In file included from...
./COTS/MCAL/Include\Port.h(18): warning: In file included from...
./COTS/MCAL/Include/Port_Types.h(51): warning: commas at the end of enumerator lists are a C99-specific feature [-Wc99-extensions]
    CH8,
       ^
./COTS/MCAL/Include/Port_Types.h(66): warning: commas at the end of enumerator lists are a C99-specific feature [-Wc99-extensions]
    PIN_GPIO =0,  /*By Default GPIO*/
               ^~
COTS/APPLICATION/main.c(18): warning: In file included from...
./COTS/MCAL/Include\Dio.h(19): warning: In file included from...
./COTS/MCAL/Include/Dio_Types.h(51): warning: commas at the end of enumerator lists are a C99-specific feature [-Wc99-extensions]
    DIO_CH8,
           ^
./COTS/MCAL/Include/Dio_Types.h(57): warning: commas at the end of enumerator lists are a C99-specific feature [-Wc99-extensions]
    DIO_PIN_SNA =0xFF,
                     ^
COTS/APPLICATION/main.c(19): warning: In file included from...
./COTS/APPLICATION/APPL_MAIN.h(8): warning: '/*' within block comment [-Wcomment]
 *  Description:  /* Board Support Package for the EK-TM4C123GXL board */    
                  ^
COTS/APPLICATION/main.c(29): warning: commas at the end of enumerator lists are a C99-specific feature [-Wc99-extensions]
    RUNNING_MODE,
                ^
COTS/APPLICATION/main.c(34): warning: commas at the end of enumerator lists are a C99-specific feature [-Wc99-extensions]
    DIMMING_TIME,
                ^
COTS/APPLICATION/main.c(97): warning: implicit declaration of function 'IntCrtl_Init' [-Wimplicit-function-declaration]
    IntCrtl_Init();
    ^
COTS/APPLICATION/main.c(106): warning: implicit conversion from enumeration type 'PORT_PortName' to different enumeration type 'Dio_PortType' [-Wenum-conversion]
                sw1State = Dio_ReadChannel(PIN_SW1, PORT_SW1);
                           ~~~~~~~~~~~~~~~          ^~~~~~~~
./COTS/HAL\Port_Cfg.h(31): note: expanded from macro 'PORT_SW1'
#define PORT_SW1                PORTF
                                ^~~~~
COTS/APPLICATION/main.c(106): warning: implicit conversion from enumeration type 'PORT_ChannelName' to different enumeration type 'Dio_ChannelType' [-Wenum-conversion]
                sw1State = Dio_ReadChannel(PIN_SW1, PORT_SW1);
                           ~~~~~~~~~~~~~~~ ^~~~~~~
./COTS/HAL\Port_Cfg.h(32): note: expanded from macro 'PIN_SW1'
#define PIN_SW1                 CH4
                                ^~~
COTS/APPLICATION/main.c(107): warning: implicit conversion from enumeration type 'PORT_PortName' to different enumeration type 'Dio_PortType' [-Wenum-conversion]
                sw2State = Dio_ReadChannel(PIN_SW2, PORT_SW2);
                           ~~~~~~~~~~~~~~~          ^~~~~~~~
./COTS/HAL\Port_Cfg.h(34): note: expanded from macro 'PORT_SW2'
#define PORT_SW2                PORTF
                                ^~~~~
COTS/APPLICATION/main.c(107): warning: implicit conversion from enumeration type 'PORT_ChannelName' to different enumeration type 'Dio_ChannelType' [-Wenum-conversion]
                sw2State = Dio_ReadChannel(PIN_SW2, PORT_SW2);
                           ~~~~~~~~~~~~~~~ ^~~~~~~
./COTS/HAL\Port_Cfg.h(35): note: expanded from macro 'PIN_SW2'
#define PIN_SW2                 CH0                
                                ^~~
COTS/APPLICATION/main.c(179): warning: implicit conversion from enumeration type 'PORT_PortName' to different enumeration type 'Dio_PortType' [-Wenum-conversion]
                Dio_WriteChannel(PIN_LED1, PORT_LED1, DIO_PIN_LOW);
                ~~~~~~~~~~~~~~~~           ^~~~~~~~~
./COTS/HAL\Port_Cfg.h(37): note: expanded from macro 'PORT_LED1'
#define PORT_LED1               PORTF
                                ^~~~~
COTS/APPLICATION/main.c(179): warning: implicit conversion from enumeration type 'PORT_ChannelName' to different enumeration type 'Dio_ChannelType' [-Wenum-conversion]
                Dio_WriteChannel(PIN_LED1, PORT_LED1, DIO_PIN_LOW);
                ~~~~~~~~~~~~~~~~ ^~~~~~~~
./COTS/HAL\Port_Cfg.h(38): note: expanded from macro 'PIN_LED1'
#define PIN_LED1                CH1
                                ^~~
COTS/APPLICATION/main.c(194): warning: implicit conversion from enumeration type 'PORT_PortName' to different enumeration type 'Dio_PortType' [-Wenum-conversion]
                Dio_WriteChannel(PIN_LED1, PORT_LED1, DIO_PIN_LOW);
                ~~~~~~~~~~~~~~~~           ^~~~~~~~~
./COTS/HAL\Port_Cfg.h(37): note: expanded from macro 'PORT_LED1'
#define PORT_LED1               PORTF
                                ^~~~~
COTS/APPLICATION/main.c(194): warning: implicit conversion from enumeration type 'PORT_ChannelName' to different enumeration type 'Dio_ChannelType' [-Wenum-conversion]
                Dio_WriteChannel(PIN_LED1, PORT_LED1, DIO_PIN_LOW);
                ~~~~~~~~~~~~~~~~ ^~~~~~~~
./COTS/HAL\Port_Cfg.h(38): note: expanded from macro 'PIN_LED1'
#define PIN_LED1                CH1
                                ^~~
COTS/APPLICATION/main.c(219): warning: implicit conversion from enumeration type 'PORT_PortName' to different enumeration type 'Dio_PortType' [-Wenum-conversion]
    Dio_FlipChannel(PIN_LED1, PORT_LED1);    
    ~~~~~~~~~~~~~~~           ^~~~~~~~~
./COTS/HAL\Port_Cfg.h(37): note: expanded from macro 'PORT_LED1'
#define PORT_LED1               PORTF
                                ^~~~~
COTS/APPLICATION/main.c(219): warning: implicit conversion from enumeration type 'PORT_ChannelName' to different enumeration type 'Dio_ChannelType' [-Wenum-conversion]
    Dio_FlipChannel(PIN_LED1, PORT_LED1);    
    ~~~~~~~~~~~~~~~ ^~~~~~~~
./COTS/HAL\Port_Cfg.h(38): note: expanded from macro 'PIN_LED1'
#define PIN_LED1                CH1
                                ^~~
COTS/APPLICATION/main.c(242): warning: implicit conversion from enumeration type 'PORT_PortName' to different enumeration type 'Dio_PortType' [-Wenum-conversion]
                Dio_WriteChannel(PIN_LED1, PORT_LED1, DIO_PIN_HIGH);
                ~~~~~~~~~~~~~~~~           ^~~~~~~~~
./COTS/HAL\Port_Cfg.h(37): note: expanded from macro 'PORT_LED1'
#define PORT_LED1               PORTF
                                ^~~~~
COTS/APPLICATION/main.c(242): warning: implicit conversion from enumeration type 'PORT_ChannelName' to different enumeration type 'Dio_ChannelType' [-Wenum-conversion]
                Dio_WriteChannel(PIN_LED1, PORT_LED1, DIO_PIN_HIGH);
                ~~~~~~~~~~~~~~~~ ^~~~~~~~
./COTS/HAL\Port_Cfg.h(38): note: expanded from macro 'PIN_LED1'
#define PIN_LED1                CH1
                                ^~~
COTS/APPLICATION/main.c(253): warning: implicit conversion from enumeration type 'PORT_PortName' to different enumeration type 'Dio_PortType' [-Wenum-conversion]
                Dio_WriteChannel(PIN_LED1, PORT_LED1, DIO_PIN_HIGH);
                ~~~~~~~~~~~~~~~~           ^~~~~~~~~
./COTS/HAL\Port_Cfg.h(37): note: expanded from macro 'PORT_LED1'
#define PORT_LED1               PORTF
                                ^~~~~
COTS/APPLICATION/main.c(253): warning: implicit conversion from enumeration type 'PORT_ChannelName' to different enumeration type 'Dio_ChannelType' [-Wenum-conversion]
                Dio_WriteChannel(PIN_LED1, PORT_LED1, DIO_PIN_HIGH);
                ~~~~~~~~~~~~~~~~ ^~~~~~~~
./COTS/HAL\Port_Cfg.h(38): note: expanded from macro 'PIN_LED1'
#define PIN_LED1                CH1
                                ^~~
26 warnings generated.
compiling main.c...
COTS/MCAL/Gpt/Gpt.c(16): warning: In file included from...
./COTS/MCAL/Include\Gpt.h(19): warning: In file included from...
./COTS/MCAL/Include/Gpt_Types.h(46): warning: commas at the end of enumerator lists are a C99-specific feature [-Wc99-extensions]
        GPT_TMR11   ,      /*32/64-bit Wide Timer 5 base: 0x4004.F000           */   
                    ^~
./COTS/MCAL/Include/Gpt_Types.h(53): warning: commas at the end of enumerator lists are a C99-specific feature [-Wc99-extensions]
    GPT_PREDEF_TIMER_1000MS_32BIT = 16000000,
                                            ^
./COTS/MCAL/Include/Gpt_Types.h(59): warning: commas at the end of enumerator lists are a C99-specific feature [-Wc99-extensions]
    GPT_CH_MODE_ONESHOT_COUNTUP,
                               ^
./COTS/MCAL/Include/Gpt_Types.h(72): warning: padding struct 'Gpt_ConfigType' with 2 bytes to align 'gptPredefinedValue' [-Wpadded]
    Gpt_PredefTimerType gptPredefinedValue;
                        ^
COTS/MCAL/Gpt/Gpt.c(46): warning: // comments are not allowed in this language [-Wcomment]
//GptLoadSet
^
COTS/MCAL/Gpt/Gpt.c(141): warning: no previous extern declaration for non-static variable 'tempRegVal' [-Wmissing-variable-declarations]
volatile uint32  tempRegVal  = 0xFFFFFFFF;
                 ^
COTS/MCAL/Gpt/Gpt.c(141): note: declare 'static' if the variable is not intended to be used outside of this translation unit
volatile uint32  tempRegVal  = 0xFFFFFFFF;
         ^
COTS/MCAL/Gpt/Gpt.c(142): warning: incompatible integer to pointer conversion initializing 'volatile uint32 *' (aka 'volatile unsigned long *') with an expression of type 'unsigned int' [-Wint-conversion]
volatile uint32* tempRegAddr1 = 0xFFFFFFFF;
                 ^              ~~~~~~~~~~
COTS/MCAL/Gpt/Gpt.c(142): warning: no previous extern declaration for non-static variable 'tempRegAddr1' [-Wmissing-variable-declarations]
COTS/MCAL/Gpt/Gpt.c(142): note: declare 'static' if the variable is not intended to be used outside of this translation unit
volatile uint32* tempRegAddr1 = 0xFFFFFFFF;
         ^
COTS/MCAL/Gpt/Gpt.c(143): warning: incompatible integer to pointer conversion initializing 'volatile uint32 *' (aka 'volatile unsigned long *') with an expression of type 'unsigned int' [-Wint-conversion]
volatile uint32* tempRegAddr2 = 0xFFFFFFFF;
                 ^              ~~~~~~~~~~
COTS/MCAL/Gpt/Gpt.c(143): warning: no previous extern declaration for non-static variable 'tempRegAddr2' [-Wmissing-variable-declarations]
COTS/MCAL/Gpt/Gpt.c(143): note: declare 'static' if the variable is not intended to be used outside of this translation unit
volatile uint32* tempRegAddr2 = 0xFFFFFFFF;
         ^
COTS/MCAL/Gpt/Gpt.c(216): warning: unused parameter 'TimerVale' [-Wunused-parameter]
void Gpt_StartTimer(Gpt_ChannelType channelId, Gpt_ValueType TimerVale)
                                                             ^
COTS/MCAL/Gpt/Gpt.c(239): warning: extra ';' outside of a function [-Wextra-semi]
}; 
 ^~
COTS/MCAL/Gpt/Gpt.c(292): warning: no previous prototype for function 'TIMER0A_Handler' [-Wmissing-prototypes]
void TIMER0A_Handler(void)              {if (gptCallbackNotifications[0 ] != NULL_PTR)  gptCallbackNotifications[0 ];}
     ^
COTS/MCAL/Gpt/Gpt.c(292): note: declare 'static' if the function is not intended to be used outside of this translation unit
void TIMER0A_Handler(void)              {if (gptCallbackNotifications[0 ] != NULL_PTR)  gptCallbackNotifications[0 ];}
^
static 
COTS/MCAL/Gpt/Gpt.c(292): warning: expression result unused [-Wunused-value]
void TIMER0A_Handler(void)              {if (gptCallbackNotifications[0 ] != NULL_PTR)  gptCallbackNotifications[0 ];}
                                                                                        ~~~~~~~~~~~~~~~~~~~~~~~~ ~ ^
COTS/MCAL/Gpt/Gpt.c(293): warning: no previous prototype for function 'TIMER1A_Handler' [-Wmissing-prototypes]
void TIMER1A_Handler(void)              {if (gptCallbackNotifications[1 ] != NULL_PTR)  gptCallbackNotifications[1 ];}
     ^
COTS/MCAL/Gpt/Gpt.c(293): note: declare 'static' if the function is not intended to be used outside of this translation unit
void TIMER1A_Handler(void)              {if (gptCallbackNotifications[1 ] != NULL_PTR)  gptCallbackNotifications[1 ];}
^
static 
COTS/MCAL/Gpt/Gpt.c(293): warning: expression result unused [-Wunused-value]
void TIMER1A_Handler(void)              {if (gptCallbackNotifications[1 ] != NULL_PTR)  gptCallbackNotifications[1 ];}
                                                                                        ~~~~~~~~~~~~~~~~~~~~~~~~ ~ ^
COTS/MCAL/Gpt/Gpt.c(294): warning: no previous prototype for function 'TIMER2A_Handler' [-Wmissing-prototypes]
void TIMER2A_Handler(void)              {if (gptCallbackNotifications[2 ] != NULL_PTR)  gptCallbackNotifications[2 ];}
     ^
COTS/MCAL/Gpt/Gpt.c(294): note: declare 'static' if the function is not intended to be used outside of this translation unit
void TIMER2A_Handler(void)              {if (gptCallbackNotifications[2 ] != NULL_PTR)  gptCallbackNotifications[2 ];}
^
static 
COTS/MCAL/Gpt/Gpt.c(294): warning: expression result unused [-Wunused-value]
void TIMER2A_Handler(void)              {if (gptCallbackNotifications[2 ] != NULL_PTR)  gptCallbackNotifications[2 ];}
                                                                                        ~~~~~~~~~~~~~~~~~~~~~~~~ ~ ^
COTS/MCAL/Gpt/Gpt.c(295): warning: no previous prototype for function 'TIMER3A_Handler' [-Wmissing-prototypes]
void TIMER3A_Handler(void)              {if (gptCallbackNotifications[3 ] != NULL_PTR)  gptCallbackNotifications[3 ];}
     ^
COTS/MCAL/Gpt/Gpt.c(295): note: declare 'static' if the function is not intended to be used outside of this translation unit
void TIMER3A_Handler(void)              {if (gptCallbackNotifications[3 ] != NULL_PTR)  gptCallbackNotifications[3 ];}
^
static 
COTS/MCAL/Gpt/Gpt.c(295): warning: expression result unused [-Wunused-value]
void TIMER3A_Handler(void)              {if (gptCallbackNotifications[3 ] != NULL_PTR)  gptCallbackNotifications[3 ];}
                                                                                        ~~~~~~~~~~~~~~~~~~~~~~~~ ~ ^
COTS/MCAL/Gpt/Gpt.c(296): warning: no previous prototype for function 'TIMER4A_Handler' [-Wmissing-prototypes]
void TIMER4A_Handler(void)              {if (gptCallbackNotifications[4 ] != NULL_PTR)  gptCallbackNotifications[4 ];}
     ^
COTS/MCAL/Gpt/Gpt.c(296): note: declare 'static' if the function is not intended to be used outside of this translation unit
void TIMER4A_Handler(void)              {if (gptCallbackNotifications[4 ] != NULL_PTR)  gptCallbackNotifications[4 ];}
^
static 
COTS/MCAL/Gpt/Gpt.c(296): warning: expression result unused [-Wunused-value]
void TIMER4A_Handler(void)              {if (gptCallbackNotifications[4 ] != NULL_PTR)  gptCallbackNotifications[4 ];}
                                                                                        ~~~~~~~~~~~~~~~~~~~~~~~~ ~ ^
COTS/MCAL/Gpt/Gpt.c(297): warning: no previous prototype for function 'TIMER5A_Handler' [-Wmissing-prototypes]
void TIMER5A_Handler(void)              {if (gptCallbackNotifications[5 ] != NULL_PTR)  gptCallbackNotifications[5 ];} 
     ^
COTS/MCAL/Gpt/Gpt.c(297): note: declare 'static' if the function is not intended to be used outside of this translation unit
void TIMER5A_Handler(void)              {if (gptCallbackNotifications[5 ] != NULL_PTR)  gptCallbackNotifications[5 ];} 
^
static 
COTS/MCAL/Gpt/Gpt.c(297): warning: expression result unused [-Wunused-value]
void TIMER5A_Handler(void)              {if (gptCallbackNotifications[5 ] != NULL_PTR)  gptCallbackNotifications[5 ];} 
                                                                                        ~~~~~~~~~~~~~~~~~~~~~~~~ ~ ^
COTS/MCAL/Gpt/Gpt.c(298): warning: no previous prototype for function 'WTIMER0A_Handler' [-Wmissing-prototypes]
void WTIMER0A_Handler(void)         {if (gptCallbackNotifications[6 ] != NULL_PTR)      gptCallbackNotifications[6 ];} 
     ^
COTS/MCAL/Gpt/Gpt.c(298): note: declare 'static' if the function is not intended to be used outside of this translation unit
void WTIMER0A_Handler(void)         {if (gptCallbackNotifications[6 ] != NULL_PTR)      gptCallbackNotifications[6 ];} 
^
static 
COTS/MCAL/Gpt/Gpt.c(298): warning: expression result unused [-Wunused-value]
void WTIMER0A_Handler(void)         {if (gptCallbackNotifications[6 ] != NULL_PTR)      gptCallbackNotifications[6 ];} 
                                                                                        ~~~~~~~~~~~~~~~~~~~~~~~~ ~ ^
COTS/MCAL/Gpt/Gpt.c(299): warning: no previous prototype for function 'WTIMER1A_Handler' [-Wmissing-prototypes]
void WTIMER1A_Handler(void)         {if (gptCallbackNotifications[7 ] != NULL_PTR)      gptCallbackNotifications[7 ];} 
     ^
COTS/MCAL/Gpt/Gpt.c(299): note: declare 'static' if the function is not intended to be used outside of this translation unit
void WTIMER1A_Handler(void)         {if (gptCallbackNotifications[7 ] != NULL_PTR)      gptCallbackNotifications[7 ];} 
^
static 
COTS/MCAL/Gpt/Gpt.c(299): warning: expression result unused [-Wunused-value]
void WTIMER1A_Handler(void)         {if (gptCallbackNotifications[7 ] != NULL_PTR)      gptCallbackNotifications[7 ];} 
                                                                                        ~~~~~~~~~~~~~~~~~~~~~~~~ ~ ^
COTS/MCAL/Gpt/Gpt.c(300): warning: no previous prototype for function 'WTIMER2A_Handler' [-Wmissing-prototypes]
void WTIMER2A_Handler(void)         {if (gptCallbackNotifications[8 ] != NULL_PTR)      gptCallbackNotifications[8 ];} 
     ^
COTS/MCAL/Gpt/Gpt.c(300): note: declare 'static' if the function is not intended to be used outside of this translation unit
void WTIMER2A_Handler(void)         {if (gptCallbackNotifications[8 ] != NULL_PTR)      gptCallbackNotifications[8 ];} 
^
static 
COTS/MCAL/Gpt/Gpt.c(300): warning: expression result unused [-Wunused-value]
void WTIMER2A_Handler(void)         {if (gptCallbackNotifications[8 ] != NULL_PTR)      gptCallbackNotifications[8 ];} 
                                                                                        ~~~~~~~~~~~~~~~~~~~~~~~~ ~ ^
COTS/MCAL/Gpt/Gpt.c(301): warning: no previous prototype for function 'WTIMER3A_Handler' [-Wmissing-prototypes]
void WTIMER3A_Handler(void)         {if (gptCallbackNotifications[9 ] != NULL_PTR)      gptCallbackNotifications[9 ];} 
     ^
COTS/MCAL/Gpt/Gpt.c(301): note: declare 'static' if the function is not intended to be used outside of this translation unit
void WTIMER3A_Handler(void)         {if (gptCallbackNotifications[9 ] != NULL_PTR)      gptCallbackNotifications[9 ];} 
^
static 
COTS/MCAL/Gpt/Gpt.c(301): warning: expression result unused [-Wunused-value]
void WTIMER3A_Handler(void)         {if (gptCallbackNotifications[9 ] != NULL_PTR)      gptCallbackNotifications[9 ];} 
                                                                                        ~~~~~~~~~~~~~~~~~~~~~~~~ ~ ^
COTS/MCAL/Gpt/Gpt.c(302): warning: no previous prototype for function 'WTIMER4A_Handler' [-Wmissing-prototypes]
void WTIMER4A_Handler(void)         {if (gptCallbackNotifications[10] != NULL_PTR)      gptCallbackNotifications[10];} 
     ^
COTS/MCAL/Gpt/Gpt.c(302): note: declare 'static' if the function is not intended to be used outside of this translation unit
void WTIMER4A_Handler(void)         {if (gptCallbackNotifications[10] != NULL_PTR)      gptCallbackNotifications[10];} 
^
static 
COTS/MCAL/Gpt/Gpt.c(302): warning: expression result unused [-Wunused-value]
void WTIMER4A_Handler(void)         {if (gptCallbackNotifications[10] != NULL_PTR)      gptCallbackNotifications[10];} 
                                                                                        ~~~~~~~~~~~~~~~~~~~~~~~~ ~~^
COTS/MCAL/Gpt/Gpt.c(303): warning: no previous prototype for function 'WTIMER5A_Handler' [-Wmissing-prototypes]
void WTIMER5A_Handler(void)         {if (gptCallbackNotifications[11] != NULL_PTR)      gptCallbackNotifications[11];} 
     ^
COTS/MCAL/Gpt/Gpt.c(303): note: declare 'static' if the function is not intended to be used outside of this translation unit
void WTIMER5A_Handler(void)         {if (gptCallbackNotifications[11] != NULL_PTR)      gptCallbackNotifications[11];} 
^
static 
COTS/MCAL/Gpt/Gpt.c(303): warning: expression result unused [-Wunused-value]
void WTIMER5A_Handler(void)         {if (gptCallbackNotifications[11] != NULL_PTR)      gptCallbackNotifications[11];} 
                                                                                        ~~~~~~~~~~~~~~~~~~~~~~~~ ~~^
36 warnings generated.
compiling Gpt.c...
COTS/MCAL/Config/Gpt_Lcfg.c(16): warning: In file included from...
./COTS/MCAL/Include\Gpt_Types.h(46): warning: commas at the end of enumerator lists are a C99-specific feature [-Wc99-extensions]
        GPT_TMR11   ,      /*32/64-bit Wide Timer 5 base: 0x4004.F000           */   
                    ^~
./COTS/MCAL/Include\Gpt_Types.h(53): warning: commas at the end of enumerator lists are a C99-specific feature [-Wc99-extensions]
    GPT_PREDEF_TIMER_1000MS_32BIT = 16000000,
                                            ^
./COTS/MCAL/Include\Gpt_Types.h(59): warning: commas at the end of enumerator lists are a C99-specific feature [-Wc99-extensions]
    GPT_CH_MODE_ONESHOT_COUNTUP,
                               ^
./COTS/MCAL/Include/Gpt_Types.h(72): warning: padding struct 'Gpt_ConfigType' with 2 bytes to align 'gptPredefinedValue' [-Wpadded]
    Gpt_PredefTimerType gptPredefinedValue;
                        ^
COTS/MCAL/Config/Gpt_Lcfg.c(18): warning: In file included from...
./COTS/APPLICATION\APPL_MAIN.h(8): warning: '/*' within block comment [-Wcomment]
 *  Description:  /* Board Support Package for the EK-TM4C123GXL board */    
                  ^
5 warnings generated.
compiling Gpt_Lcfg.c...
assembling startup_TM4C123.s...
RTE/Device/TM4C123GH6PM/system_TM4C123.c(13): warning: In file included from...
C:/Users/ext_Maib1/AppData/Local/Arm/Packs/Keil/TM4C_DFP/1.1.0/Device/Include/TM4C123\TM4C123.h(98): warning: In file included from...
C:/Users/ext_Maib1/AppData/Local/Arm/Packs/Keil/TM4C_DFP/1.1.0/Device/Include/TM4C123/TM4C123GH6PM.h(298): warning: anonymous unions are a C11 extension [-Wc11-extensions]
  union {
  ^
C:/Users/ext_Maib1/AppData/Local/Arm/Packs/Keil/TM4C_DFP/1.1.0/Device/Include/TM4C123/TM4C123GH6PM.h(338): warning: anonymous unions are a C11 extension [-Wc11-extensions]
  union {
  ^
C:/Users/ext_Maib1/AppData/Local/Arm/Packs/Keil/TM4C_DFP/1.1.0/Device/Include/TM4C123/TM4C123GH6PM.h(357): warning: anonymous unions are a C11 extension [-Wc11-extensions]
  union {
  ^
C:/Users/ext_Maib1/AppData/Local/Arm/Packs/Keil/TM4C_DFP/1.1.0/Device/Include/TM4C123/TM4C123GH6PM.h(713): warning: anonymous unions are a C11 extension [-Wc11-extensions]
  union {
  ^
C:/Users/ext_Maib1/AppData/Local/Arm/Packs/Keil/TM4C_DFP/1.1.0/Device/Include/TM4C123/TM4C123GH6PM.h(729): warning: anonymous unions are a C11 extension [-Wc11-extensions]
  union {
  ^
C:/Users/ext_Maib1/AppData/Local/Arm/Packs/Keil/TM4C_DFP/1.1.0/Device/Include/TM4C123/TM4C123GH6PM.h(774): warning: anonymous unions are a C11 extension [-Wc11-extensions]
  union {
  ^
C:/Users/ext_Maib1/AppData/Local/Arm/Packs/Keil/TM4C_DFP/1.1.0/Device/Include/TM4C123/TM4C123GH6PM.h(779): warning: anonymous unions are a C11 extension [-Wc11-extensions]
  union {
  ^
C:/Users/ext_Maib1/AppData/Local/Arm/Packs/Keil/TM4C_DFP/1.1.0/Device/Include/TM4C123/TM4C123GH6PM.h(872): warning: anonymous unions are a C11 extension [-Wc11-extensions]
  union {
  ^
C:/Users/ext_Maib1/AppData/Local/Arm/Packs/Keil/TM4C_DFP/1.1.0/Device/Include/TM4C123/TM4C123GH6PM.h(885): warning: anonymous unions are a C11 extension [-Wc11-extensions]
  union {
  ^
C:/Users/ext_Maib1/AppData/Local/Arm/Packs/Keil/TM4C_DFP/1.1.0/Device/Include/TM4C123/TM4C123GH6PM.h(892): warning: anonymous unions are a C11 extension [-Wc11-extensions]
  union {
  ^
C:/Users/ext_Maib1/AppData/Local/Arm/Packs/Keil/TM4C_DFP/1.1.0/Device/Include/TM4C123/TM4C123GH6PM.h(897): warning: anonymous unions are a C11 extension [-Wc11-extensions]
  union {
  ^
C:/Users/ext_Maib1/AppData/Local/Arm/Packs/Keil/TM4C_DFP/1.1.0/Device/Include/TM4C123/TM4C123GH6PM.h(904): warning: anonymous unions are a C11 extension [-Wc11-extensions]
  union {
  ^
C:/Users/ext_Maib1/AppData/Local/Arm/Packs/Keil/TM4C_DFP/1.1.0/Device/Include/TM4C123/TM4C123GH6PM.h(910): warning: anonymous unions are a C11 extension [-Wc11-extensions]
  union {
  ^
C:/Users/ext_Maib1/AppData/Local/Arm/Packs/Keil/TM4C_DFP/1.1.0/Device/Include/TM4C123/TM4C123GH6PM.h(917): warning: anonymous unions are a C11 extension [-Wc11-extensions]
  union {
  ^
C:/Users/ext_Maib1/AppData/Local/Arm/Packs/Keil/TM4C_DFP/1.1.0/Device/Include/TM4C123/TM4C123GH6PM.h(924): warning: anonymous unions are a C11 extension [-Wc11-extensions]
  union {
  ^
C:/Users/ext_Maib1/AppData/Local/Arm/Packs/Keil/TM4C_DFP/1.1.0/Device/Include/TM4C123/TM4C123GH6PM.h(929): warning: anonymous unions are a C11 extension [-Wc11-extensions]
  union {
  ^
C:/Users/ext_Maib1/AppData/Local/Arm/Packs/Keil/TM4C_DFP/1.1.0/Device/Include/TM4C123/TM4C123GH6PM.h(936): warning: anonymous unions are a C11 extension [-Wc11-extensions]
  union {
  ^
C:/Users/ext_Maib1/AppData/Local/Arm/Packs/Keil/TM4C_DFP/1.1.0/Device/Include/TM4C123/TM4C123GH6PM.h(942): warning: anonymous unions are a C11 extension [-Wc11-extensions]
  union {
  ^
C:/Users/ext_Maib1/AppData/Local/Arm/Packs/Keil/TM4C_DFP/1.1.0/Device/Include/TM4C123/TM4C123GH6PM.h(949): warning: anonymous unions are a C11 extension [-Wc11-extensions]
  union {
  ^
C:/Users/ext_Maib1/AppData/Local/Arm/Packs/Keil/TM4C_DFP/1.1.0/Device/Include/TM4C123/TM4C123GH6PM.h(956): warning: anonymous unions are a C11 extension [-Wc11-extensions]
  union {
  ^
C:/Users/ext_Maib1/AppData/Local/Arm/Packs/Keil/TM4C_DFP/1.1.0/Device/Include/TM4C123/TM4C123GH6PM.h(961): warning: anonymous unions are a C11 extension [-Wc11-extensions]
  union {
  ^
C:/Users/ext_Maib1/AppData/Local/Arm/Packs/Keil/TM4C_DFP/1.1.0/Device/Include/TM4C123/TM4C123GH6PM.h(968): warning: anonymous unions are a C11 extension [-Wc11-extensions]
  union {
  ^
C:/Users/ext_Maib1/AppData/Local/Arm/Packs/Keil/TM4C_DFP/1.1.0/Device/Include/TM4C123/TM4C123GH6PM.h(974): warning: anonymous unions are a C11 extension [-Wc11-extensions]
  union {
  ^
C:/Users/ext_Maib1/AppData/Local/Arm/Packs/Keil/TM4C_DFP/1.1.0/Device/Include/TM4C123/TM4C123GH6PM.h(981): warning: anonymous unions are a C11 extension [-Wc11-extensions]
  union {
  ^
C:/Users/ext_Maib1/AppData/Local/Arm/Packs/Keil/TM4C_DFP/1.1.0/Device/Include/TM4C123/TM4C123GH6PM.h(988): warning: anonymous unions are a C11 extension [-Wc11-extensions]
  union {
  ^
C:/Users/ext_Maib1/AppData/Local/Arm/Packs/Keil/TM4C_DFP/1.1.0/Device/Include/TM4C123/TM4C123GH6PM.h(993): warning: anonymous unions are a C11 extension [-Wc11-extensions]
  union {
  ^
C:/Users/ext_Maib1/AppData/Local/Arm/Packs/Keil/TM4C_DFP/1.1.0/Device/Include/TM4C123/TM4C123GH6PM.h(1000): warning: anonymous unions are a C11 extension [-Wc11-extensions]
  union {
  ^
C:/Users/ext_Maib1/AppData/Local/Arm/Packs/Keil/TM4C_DFP/1.1.0/Device/Include/TM4C123/TM4C123GH6PM.h(1006): warning: anonymous unions are a C11 extension [-Wc11-extensions]
  union {
  ^
C:/Users/ext_Maib1/AppData/Local/Arm/Packs/Keil/TM4C_DFP/1.1.0/Device/Include/TM4C123/TM4C123GH6PM.h(1013): warning: anonymous unions are a C11 extension [-Wc11-extensions]
  union {
  ^
C:/Users/ext_Maib1/AppData/Local/Arm/Packs/Keil/TM4C_DFP/1.1.0/Device/Include/TM4C123/TM4C123GH6PM.h(1020): warning: anonymous unions are a C11 extension [-Wc11-extensions]
  union {
  ^
C:/Users/ext_Maib1/AppData/Local/Arm/Packs/Keil/TM4C_DFP/1.1.0/Device/Include/TM4C123/TM4C123GH6PM.h(1025): warning: anonymous unions are a C11 extension [-Wc11-extensions]
  union {
  ^
C:/Users/ext_Maib1/AppData/Local/Arm/Packs/Keil/TM4C_DFP/1.1.0/Device/Include/TM4C123/TM4C123GH6PM.h(1032): warning: anonymous unions are a C11 extension [-Wc11-extensions]
  union {
  ^
C:/Users/ext_Maib1/AppData/Local/Arm/Packs/Keil/TM4C_DFP/1.1.0/Device/Include/TM4C123/TM4C123GH6PM.h(1038): warning: anonymous unions are a C11 extension [-Wc11-extensions]
  union {
  ^
C:/Users/ext_Maib1/AppData/Local/Arm/Packs/Keil/TM4C_DFP/1.1.0/Device/Include/TM4C123/TM4C123GH6PM.h(1045): warning: anonymous unions are a C11 extension [-Wc11-extensions]
  union {
  ^
C:/Users/ext_Maib1/AppData/Local/Arm/Packs/Keil/TM4C_DFP/1.1.0/Device/Include/TM4C123/TM4C123GH6PM.h(1052): warning: anonymous unions are a C11 extension [-Wc11-extensions]
  union {
  ^
C:/Users/ext_Maib1/AppData/Local/Arm/Packs/Keil/TM4C_DFP/1.1.0/Device/Include/TM4C123/TM4C123GH6PM.h(1057): warning: anonymous unions are a C11 extension [-Wc11-extensions]
  union {
  ^
C:/Users/ext_Maib1/AppData/Local/Arm/Packs/Keil/TM4C_DFP/1.1.0/Device/Include/TM4C123/TM4C123GH6PM.h(1064): warning: anonymous unions are a C11 extension [-Wc11-extensions]
  union {
  ^
C:/Users/ext_Maib1/AppData/Local/Arm/Packs/Keil/TM4C_DFP/1.1.0/Device/Include/TM4C123/TM4C123GH6PM.h(1070): warning: anonymous unions are a C11 extension [-Wc11-extensions]
  union {
  ^
C:/Users/ext_Maib1/AppData/Local/Arm/Packs/Keil/TM4C_DFP/1.1.0/Device/Include/TM4C123/TM4C123GH6PM.h(1077): warning: anonymous unions are a C11 extension [-Wc11-extensions]
  union {
  ^
C:/Users/ext_Maib1/AppData/Local/Arm/Packs/Keil/TM4C_DFP/1.1.0/Device/Include/TM4C123/TM4C123GH6PM.h(1084): warning: anonymous unions are a C11 extension [-Wc11-extensions]
  union {
  ^
C:/Users/ext_Maib1/AppData/Local/Arm/Packs/Keil/TM4C_DFP/1.1.0/Device/Include/TM4C123/TM4C123GH6PM.h(1089): warning: anonymous unions are a C11 extension [-Wc11-extensions]
  union {
  ^
C:/Users/ext_Maib1/AppData/Local/Arm/Packs/Keil/TM4C_DFP/1.1.0/Device/Include/TM4C123/TM4C123GH6PM.h(1096): warning: anonymous unions are a C11 extension [-Wc11-extensions]
  union {
  ^
C:/Users/ext_Maib1/AppData/Local/Arm/Packs/Keil/TM4C_DFP/1.1.0/Device/Include/TM4C123/TM4C123GH6PM.h(1102): warning: anonymous unions are a C11 extension [-Wc11-extensions]
  union {
  ^
C:/Users/ext_Maib1/AppData/Local/Arm/Packs/Keil/TM4C_DFP/1.1.0/Device/Include/TM4C123/TM4C123GH6PM.h(1251): warning: anonymous unions are a C11 extension [-Wc11-extensions]
  union {
  ^
RTE/Device/TM4C123GH6PM/system_TM4C123.c(19): warning: // comments are not allowed in this language [-Wcomment]
//-------- <<< Use Configuration Wizard in Context Menu >>> ------------------
^
45 warnings generated.
compiling system_TM4C123.c...
linking...
Program Size: Code=4548 RO-data=744 RW-data=4 ZI-data=624  
".\Objects\Project1_Blinking_LED_control.axf" - 0 Error(s), 124 Warning(s).

<h2>Software Packages used:</h2>

Package Vendor: ARM
                http://www.keil.com/pack/ARM.CMSIS.5.9.0.pack
                ARM.CMSIS.5.9.0
                CMSIS (Common Microcontroller Software Interface Standard)
   * Component: CORE Version: 5.6.0

Package Vendor: Keil
                http://www.keil.com/pack/Keil.TM4C_DFP.1.1.0.pack
                Keil.TM4C_DFP.1.1.0
                Texas Instruments Tiva C Series Device Support and Examples
   * Component: Startup Version: 1.0.1

<h2>Collection of Component include folders:</h2>
  ./RTE/_Target_1
  C:/Users/ext_Maib1/AppData/Local/Arm/Packs/ARM/CMSIS/5.9.0/CMSIS/Core/Include
  C:/Users/ext_Maib1/AppData/Local/Arm/Packs/Keil/TM4C_DFP/1.1.0/Device/Include/TM4C123

<h2>Collection of Component Files used:</h2>

   * Component: ARM::CMSIS:CORE:5.6.0

   * Component: Keil::Device:Startup:1.0.1
      Include file:  Device/Include/TM4C123/TM4C123.h
      Source file:   Device/Source/system_TM4C123.c
      Source file:   Device/Source/ARM/startup_TM4C123.s
Build Time Elapsed:  00:00:20
</pre>
</body>
</html>
