Component: Arm Compiler for Embedded 6.18 Tool: armlink [5e4cc100]

==============================================================================

Section Cross References

    main.o(.text.main) refers to port_lcfg.o(.rodata.PortConfigPtr) for PortConfigPtr
    main.o(.text.main) refers to port.o(.text.Port_Init) for Port_Init
    main.o(.text.main) refers to gpt_lcfg.o(.rodata.GptConfigPtr) for GptConfigPtr
    main.o(.text.main) refers to gpt.o(.text.Gpt_Init) for Gpt_Init
    main.o(.text.main) refers to intctrl.o(.text.IntCrtl_Init) for IntCrtl_Init
    main.o(.text.main) refers to main.o(.bss.stateMachine) for stateMachine
    main.o(.text.main) refers to dio.o(.text.Dio_ReadChannel) for Dio_ReadChannel
    main.o(.text.main) refers to main.o(.data.main.sw1State) for main.sw1State
    main.o(.text.main) refers to main.o(.data.main.sw2State) for main.sw2State
    main.o(.text.main) refers to main.o(.text.HandleUserInput) for HandleUserInput
    main.o(.text.main) refers to main.o(.text.RunningStateHanlder) for RunningStateHanlder
    main.o(.ARM.exidx.text.main) refers to main.o(.text.main) for [Anonymous Symbol]
    main.o(.text.HandleUserInput) refers to main.o(.bss.HandleUserInput.startTimerOnce) for HandleUserInput.startTimerOnce
    main.o(.text.HandleUserInput) refers to gpt.o(.text.Gpt_StartTimer) for Gpt_StartTimer
    main.o(.text.HandleUserInput) refers to main.o(.bss.onTimeInputCounterSec) for onTimeInputCounterSec
    main.o(.text.HandleUserInput) refers to main.o(.bss.offTimeInputCounterSec) for offTimeInputCounterSec
    main.o(.ARM.exidx.text.HandleUserInput) refers to main.o(.text.HandleUserInput) for [Anonymous Symbol]
    main.o(.text.RunningStateHanlder) refers to main.o(.bss.RunningSubStates) for RunningSubStates
    main.o(.text.RunningStateHanlder) refers to main.o(.bss.onTimerControl) for onTimerControl
    main.o(.text.RunningStateHanlder) refers to dio.o(.text.Dio_WriteChannel) for Dio_WriteChannel
    main.o(.text.RunningStateHanlder) refers to gpt.o(.text.Gpt_StartTimer) for Gpt_StartTimer
    main.o(.text.RunningStateHanlder) refers to main.o(.bss.onTimeInputCounterSec) for onTimeInputCounterSec
    main.o(.text.RunningStateHanlder) refers to main.o(.bss.ontimeCalc) for ontimeCalc
    main.o(.text.RunningStateHanlder) refers to main.o(.bss.offTimerControl) for offTimerControl
    main.o(.text.RunningStateHanlder) refers to main.o(.bss.offTimeInputCounterSec) for offTimeInputCounterSec
    main.o(.text.RunningStateHanlder) refers to main.o(.bss.offtimeCalc) for offtimeCalc
    main.o(.text.RunningStateHanlder) refers to main.o(.bss.dimmingTimerControl) for dimmingTimerControl
    main.o(.ARM.exidx.text.RunningStateHanlder) refers to main.o(.text.RunningStateHanlder) for [Anonymous Symbol]
    main.o(.text.Appl_SecStartUpConfig) refers to main.o(.data.Appl_SecStartUpConfig.StartupTimeTolerance) for Appl_SecStartUpConfig.StartupTimeTolerance
    main.o(.text.Appl_SecStartUpConfig) refers to main.o(.bss.stateMachine) for stateMachine
    main.o(.text.Appl_SecStartUpConfig) refers to gpt.o(.text.Gpt_StopTimer) for Gpt_StopTimer
    main.o(.ARM.exidx.text.Appl_SecStartUpConfig) refers to main.o(.text.Appl_SecStartUpConfig) for [Anonymous Symbol]
    main.o(.text.Appl_SecTimerHanlder) refers to main.o(.bss.RunningSubStates) for RunningSubStates
    main.o(.text.Appl_SecTimerHanlder) refers to main.o(.bss.ontimeCalc) for ontimeCalc
    main.o(.text.Appl_SecTimerHanlder) refers to dio.o(.text.Dio_WriteChannel) for Dio_WriteChannel
    main.o(.text.Appl_SecTimerHanlder) refers to gpt.o(.text.Gpt_StopTimer) for Gpt_StopTimer
    main.o(.text.Appl_SecTimerHanlder) refers to main.o(.bss.onTimerControl) for onTimerControl
    main.o(.text.Appl_SecTimerHanlder) refers to main.o(.bss.offtimeCalc) for offtimeCalc
    main.o(.text.Appl_SecTimerHanlder) refers to main.o(.bss.offTimerControl) for offTimerControl
    main.o(.ARM.exidx.text.Appl_SecTimerHanlder) refers to main.o(.text.Appl_SecTimerHanlder) for [Anonymous Symbol]
    main.o(.text.Appl_DimmingHanlder) refers to dio.o(.text.Dio_FlipChannel) for Dio_FlipChannel
    main.o(.ARM.exidx.text.Appl_DimmingHanlder) refers to main.o(.text.Appl_DimmingHanlder) for [Anonymous Symbol]
    intctrl.o(.ARM.exidx.text.IntCrtl_Init) refers to intctrl.o(.text.IntCrtl_Init) for [Anonymous Symbol]
    port.o(.text.Port_Init) refers to port.o(.text.enablePortClkGating) for enablePortClkGating
    port.o(.text.Port_Init) refers to port.o(.text.setPortXPinDir) for setPortXPinDir
    port.o(.text.Port_Init) refers to port.o(.text.setPortXPinMode) for setPortXPinMode
    port.o(.text.Port_Init) refers to port.o(.text.setPortXpinIntAttach) for setPortXpinIntAttach
    port.o(.text.Port_Init) refers to port.o(.text.setPortXPinLevelValue) for setPortXPinLevelValue
    port.o(.ARM.exidx.text.Port_Init) refers to port.o(.text.Port_Init) for [Anonymous Symbol]
    port.o(.ARM.exidx.text.enablePortClkGating) refers to port.o(.text.enablePortClkGating) for [Anonymous Symbol]
    port.o(.ARM.exidx.text.setPortXPinDir) refers to port.o(.text.setPortXPinDir) for [Anonymous Symbol]
    port.o(.ARM.exidx.text.setPortXPinMode) refers to port.o(.text.setPortXPinMode) for [Anonymous Symbol]
    port.o(.ARM.exidx.text.setPortXpinIntAttach) refers to port.o(.text.setPortXpinIntAttach) for [Anonymous Symbol]
    port.o(.ARM.exidx.text.setPortXPinLevelValue) refers to port.o(.text.setPortXPinLevelValue) for [Anonymous Symbol]
    dio.o(.ARM.exidx.text.Dio_ReadChannel) refers to dio.o(.text.Dio_ReadChannel) for [Anonymous Symbol]
    dio.o(.ARM.exidx.text.Dio_WriteChannel) refers to dio.o(.text.Dio_WriteChannel) for [Anonymous Symbol]
    dio.o(.ARM.exidx.text.Dio_WritePort) refers to dio.o(.text.Dio_WritePort) for [Anonymous Symbol]
    dio.o(.text.Dio_ReadPort) refers to dio.o(.bss.TempRegVar) for TempRegVar
    dio.o(.ARM.exidx.text.Dio_ReadPort) refers to dio.o(.text.Dio_ReadPort) for [Anonymous Symbol]
    dio.o(.ARM.exidx.text.Dio_FlipChannel) refers to dio.o(.text.Dio_FlipChannel) for [Anonymous Symbol]
    gpt.o(.text.Gpt_Init) refers to gpt.o(.text.Gpt_SetMode) for Gpt_SetMode
    gpt.o(.text.Gpt_Init) refers to gpt.o(.text.Gpt_IntCtl) for Gpt_IntCtl
    gpt.o(.text.Gpt_Init) refers to gpt.o(.text.Gpt_LoadIntervalVal) for Gpt_LoadIntervalVal
    gpt.o(.ARM.exidx.text.Gpt_Init) refers to gpt.o(.text.Gpt_Init) for [Anonymous Symbol]
    gpt.o(.ARM.exidx.text.Gpt_SetMode) refers to gpt.o(.text.Gpt_SetMode) for [Anonymous Symbol]
    gpt.o(.ARM.exidx.text.Gpt_IntCtl) refers to gpt.o(.text.Gpt_IntCtl) for [Anonymous Symbol]
    gpt.o(.ARM.exidx.text.Gpt_LoadIntervalVal) refers to gpt.o(.text.Gpt_LoadIntervalVal) for [Anonymous Symbol]
    gpt.o(.ARM.exidx.text.Gpt_StartTimer) refers to gpt.o(.text.Gpt_StartTimer) for [Anonymous Symbol]
    gpt.o(.ARM.exidx.text.Gpt_StopTimer) refers to gpt.o(.text.Gpt_StopTimer) for [Anonymous Symbol]
    gpt.o(.text.TIMER0A_Handler) refers to gpt_lcfg.o(.rodata.gptCallbackNotifications) for gptCallbackNotifications
    gpt.o(.ARM.exidx.text.TIMER0A_Handler) refers to gpt.o(.text.TIMER0A_Handler) for [Anonymous Symbol]
    gpt.o(.text.TIMER1A_Handler) refers to gpt_lcfg.o(.rodata.gptCallbackNotifications) for gptCallbackNotifications
    gpt.o(.ARM.exidx.text.TIMER1A_Handler) refers to gpt.o(.text.TIMER1A_Handler) for [Anonymous Symbol]
    gpt.o(.text.TIMER2A_Handler) refers to gpt_lcfg.o(.rodata.gptCallbackNotifications) for gptCallbackNotifications
    gpt.o(.ARM.exidx.text.TIMER2A_Handler) refers to gpt.o(.text.TIMER2A_Handler) for [Anonymous Symbol]
    gpt.o(.text.TIMER3A_Handler) refers to gpt_lcfg.o(.rodata.gptCallbackNotifications) for gptCallbackNotifications
    gpt.o(.ARM.exidx.text.TIMER3A_Handler) refers to gpt.o(.text.TIMER3A_Handler) for [Anonymous Symbol]
    gpt.o(.text.TIMER4A_Handler) refers to gpt_lcfg.o(.rodata.gptCallbackNotifications) for gptCallbackNotifications
    gpt.o(.ARM.exidx.text.TIMER4A_Handler) refers to gpt.o(.text.TIMER4A_Handler) for [Anonymous Symbol]
    gpt.o(.text.TIMER5A_Handler) refers to gpt_lcfg.o(.rodata.gptCallbackNotifications) for gptCallbackNotifications
    gpt.o(.ARM.exidx.text.TIMER5A_Handler) refers to gpt.o(.text.TIMER5A_Handler) for [Anonymous Symbol]
    gpt.o(.text.WTIMER0A_Handler) refers to gpt_lcfg.o(.rodata.gptCallbackNotifications) for gptCallbackNotifications
    gpt.o(.ARM.exidx.text.WTIMER0A_Handler) refers to gpt.o(.text.WTIMER0A_Handler) for [Anonymous Symbol]
    gpt.o(.text.WTIMER1A_Handler) refers to gpt_lcfg.o(.rodata.gptCallbackNotifications) for gptCallbackNotifications
    gpt.o(.ARM.exidx.text.WTIMER1A_Handler) refers to gpt.o(.text.WTIMER1A_Handler) for [Anonymous Symbol]
    gpt.o(.text.WTIMER2A_Handler) refers to gpt_lcfg.o(.rodata.gptCallbackNotifications) for gptCallbackNotifications
    gpt.o(.ARM.exidx.text.WTIMER2A_Handler) refers to gpt.o(.text.WTIMER2A_Handler) for [Anonymous Symbol]
    gpt.o(.text.WTIMER3A_Handler) refers to gpt_lcfg.o(.rodata.gptCallbackNotifications) for gptCallbackNotifications
    gpt.o(.ARM.exidx.text.WTIMER3A_Handler) refers to gpt.o(.text.WTIMER3A_Handler) for [Anonymous Symbol]
    gpt.o(.text.WTIMER4A_Handler) refers to gpt_lcfg.o(.rodata.gptCallbackNotifications) for gptCallbackNotifications
    gpt.o(.ARM.exidx.text.WTIMER4A_Handler) refers to gpt.o(.text.WTIMER4A_Handler) for [Anonymous Symbol]
    gpt.o(.text.WTIMER5A_Handler) refers to gpt_lcfg.o(.rodata.gptCallbackNotifications) for gptCallbackNotifications
    gpt.o(.ARM.exidx.text.WTIMER5A_Handler) refers to gpt.o(.text.WTIMER5A_Handler) for [Anonymous Symbol]
    gpt_lcfg.o(.rodata.gptCallbackNotifications) refers to main.o(.text.Appl_SecStartUpConfig) for Appl_SecStartUpConfig
    gpt_lcfg.o(.rodata.gptCallbackNotifications) refers to main.o(.text.Appl_DimmingHanlder) for Appl_DimmingHanlder
    gpt_lcfg.o(.rodata.gptCallbackNotifications) refers to main.o(.text.Appl_SecTimerHanlder) for Appl_SecTimerHanlder
    startup_tm4c123.o(STACK) refers (Special) to heapauxi.o(.text) for __use_two_region_memory
    startup_tm4c123.o(HEAP) refers (Special) to heapauxi.o(.text) for __use_two_region_memory
    startup_tm4c123.o(RESET) refers (Special) to heapauxi.o(.text) for __use_two_region_memory
    startup_tm4c123.o(RESET) refers to startup_tm4c123.o(STACK) for __initial_sp
    startup_tm4c123.o(RESET) refers to startup_tm4c123.o(.text) for Reset_Handler
    startup_tm4c123.o(RESET) refers to gpt.o(.text.TIMER0A_Handler) for TIMER0A_Handler
    startup_tm4c123.o(RESET) refers to gpt.o(.text.TIMER1A_Handler) for TIMER1A_Handler
    startup_tm4c123.o(RESET) refers to gpt.o(.text.TIMER2A_Handler) for TIMER2A_Handler
    startup_tm4c123.o(RESET) refers to gpt.o(.text.TIMER3A_Handler) for TIMER3A_Handler
    startup_tm4c123.o(RESET) refers to gpt.o(.text.TIMER4A_Handler) for TIMER4A_Handler
    startup_tm4c123.o(RESET) refers to gpt.o(.text.TIMER5A_Handler) for TIMER5A_Handler
    startup_tm4c123.o(RESET) refers to gpt.o(.text.WTIMER0A_Handler) for WTIMER0A_Handler
    startup_tm4c123.o(RESET) refers to gpt.o(.text.WTIMER1A_Handler) for WTIMER1A_Handler
    startup_tm4c123.o(RESET) refers to gpt.o(.text.WTIMER2A_Handler) for WTIMER2A_Handler
    startup_tm4c123.o(RESET) refers to gpt.o(.text.WTIMER3A_Handler) for WTIMER3A_Handler
    startup_tm4c123.o(RESET) refers to gpt.o(.text.WTIMER4A_Handler) for WTIMER4A_Handler
    startup_tm4c123.o(RESET) refers to gpt.o(.text.WTIMER5A_Handler) for WTIMER5A_Handler
    startup_tm4c123.o(.text) refers (Special) to heapauxi.o(.text) for __use_two_region_memory
    startup_tm4c123.o(.text) refers to system_tm4c123.o(.text.SystemInit) for SystemInit
    startup_tm4c123.o(.text) refers to __main.o(!!!main) for __main
    startup_tm4c123.o(.text) refers to startup_tm4c123.o(HEAP) for Heap_Mem
    startup_tm4c123.o(.text) refers to startup_tm4c123.o(STACK) for Stack_Mem
    system_tm4c123.o(.text.SystemCoreClockUpdate) refers to system_tm4c123.o(.text.getOscClk) for getOscClk
    system_tm4c123.o(.text.SystemCoreClockUpdate) refers to system_tm4c123.o(.data.SystemCoreClock) for SystemCoreClock
    system_tm4c123.o(.ARM.exidx.text.SystemCoreClockUpdate) refers to system_tm4c123.o(.text.SystemCoreClockUpdate) for [Anonymous Symbol]
    system_tm4c123.o(.ARM.exidx.text.getOscClk) refers to system_tm4c123.o(.text.getOscClk) for [Anonymous Symbol]
    system_tm4c123.o(.ARM.exidx.text.SystemInit) refers to system_tm4c123.o(.text.SystemInit) for [Anonymous Symbol]
    __main.o(!!!main) refers to __rtentry.o(.ARM.Collect$$rtentry$$00000000) for __rt_entry
    __rtentry.o(.ARM.Collect$$rtentry$$00000000) refers (Special) to __rtentry2.o(.ARM.Collect$$rtentry$$0000000A) for __rt_entry_li
    __rtentry.o(.ARM.Collect$$rtentry$$00000000) refers (Special) to __rtentry2.o(.ARM.Collect$$rtentry$$0000000D) for __rt_entry_main
    __rtentry.o(.ARM.Collect$$rtentry$$00000000) refers (Special) to __rtentry2.o(.ARM.Collect$$rtentry$$0000000C) for __rt_entry_postli_1
    __rtentry.o(.ARM.Collect$$rtentry$$00000000) refers (Special) to __rtentry2.o(.ARM.Collect$$rtentry$$00000009) for __rt_entry_postsh_1
    __rtentry.o(.ARM.Collect$$rtentry$$00000000) refers (Special) to __rtentry2.o(.ARM.Collect$$rtentry$$00000002) for __rt_entry_presh_1
    __rtentry.o(.ARM.Collect$$rtentry$$00000000) refers (Special) to __rtentry4.o(.ARM.Collect$$rtentry$$00000004) for __rt_entry_sh
    __rtentry2.o(.ARM.Collect$$rtentry$$00000008) refers to boardinit2.o(.text) for _platform_post_stackheap_init
    __rtentry2.o(.ARM.Collect$$rtentry$$0000000A) refers to libinit.o(.ARM.Collect$$libinit$$00000000) for __rt_lib_init
    __rtentry2.o(.ARM.Collect$$rtentry$$0000000B) refers to boardinit3.o(.text) for _platform_post_lib_init
    __rtentry2.o(.ARM.Collect$$rtentry$$0000000D) refers to main.o(.text.main) for main
    __rtentry2.o(.ARM.Collect$$rtentry$$0000000D) refers to exit.o(.text) for exit
    __rtentry2.o(.ARM.exidx) refers to __rtentry2.o(.ARM.Collect$$rtentry$$00000001) for .ARM.Collect$$rtentry$$00000001
    __rtentry2.o(.ARM.exidx) refers to __rtentry2.o(.ARM.Collect$$rtentry$$00000008) for .ARM.Collect$$rtentry$$00000008
    __rtentry2.o(.ARM.exidx) refers to __rtentry2.o(.ARM.Collect$$rtentry$$0000000A) for .ARM.Collect$$rtentry$$0000000A
    __rtentry2.o(.ARM.exidx) refers to __rtentry2.o(.ARM.Collect$$rtentry$$0000000B) for .ARM.Collect$$rtentry$$0000000B
    __rtentry2.o(.ARM.exidx) refers to __rtentry2.o(.ARM.Collect$$rtentry$$0000000D) for .ARM.Collect$$rtentry$$0000000D
    __rtentry4.o(.ARM.Collect$$rtentry$$00000004) refers to sys_stackheap_outer.o(.text) for __user_setup_stackheap
    __rtentry4.o(.ARM.exidx) refers to __rtentry4.o(.ARM.Collect$$rtentry$$00000004) for .ARM.Collect$$rtentry$$00000004
    sys_stackheap_outer.o(.text) refers to libspace.o(.text) for __user_perproc_libspace
    sys_stackheap_outer.o(.text) refers to startup_tm4c123.o(.text) for __user_initial_stackheap
    exit.o(.text) refers to rtexit.o(.ARM.Collect$$rtexit$$00000000) for __rt_exit
    libinit.o(.ARM.Collect$$libinit$$00000000) refers (Special) to libinit2.o(.ARM.Collect$$libinit$$00000030) for __rt_lib_init_alloca_1
    libinit.o(.ARM.Collect$$libinit$$00000000) refers (Special) to libinit2.o(.ARM.Collect$$libinit$$0000002E) for __rt_lib_init_argv_1
    libinit.o(.ARM.Collect$$libinit$$00000000) refers (Special) to libinit2.o(.ARM.Collect$$libinit$$0000001D) for __rt_lib_init_atexit_1
    libinit.o(.ARM.Collect$$libinit$$00000000) refers (Special) to libinit2.o(.ARM.Collect$$libinit$$00000023) for __rt_lib_init_clock_1
    libinit.o(.ARM.Collect$$libinit$$00000000) refers (Special) to libinit2.o(.ARM.Collect$$libinit$$00000034) for __rt_lib_init_cpp_1
    libinit.o(.ARM.Collect$$libinit$$00000000) refers (Special) to libinit2.o(.ARM.Collect$$libinit$$00000032) for __rt_lib_init_exceptions_1
    libinit.o(.ARM.Collect$$libinit$$00000000) refers (Special) to libinit2.o(.ARM.Collect$$libinit$$00000001) for __rt_lib_init_fp_1
    libinit.o(.ARM.Collect$$libinit$$00000000) refers (Special) to libinit2.o(.ARM.Collect$$libinit$$00000021) for __rt_lib_init_fp_trap_1
    libinit.o(.ARM.Collect$$libinit$$00000000) refers (Special) to libinit2.o(.ARM.Collect$$libinit$$00000025) for __rt_lib_init_getenv_1
    libinit.o(.ARM.Collect$$libinit$$00000000) refers (Special) to libinit2.o(.ARM.Collect$$libinit$$0000000C) for __rt_lib_init_heap_1
    libinit.o(.ARM.Collect$$libinit$$00000000) refers (Special) to libinit2.o(.ARM.Collect$$libinit$$00000013) for __rt_lib_init_lc_collate_1
    libinit.o(.ARM.Collect$$libinit$$00000000) refers (Special) to libinit2.o(.ARM.Collect$$libinit$$00000015) for __rt_lib_init_lc_ctype_1
    libinit.o(.ARM.Collect$$libinit$$00000000) refers (Special) to libinit2.o(.ARM.Collect$$libinit$$00000017) for __rt_lib_init_lc_monetary_1
    libinit.o(.ARM.Collect$$libinit$$00000000) refers (Special) to libinit2.o(.ARM.Collect$$libinit$$00000019) for __rt_lib_init_lc_numeric_1
    libinit.o(.ARM.Collect$$libinit$$00000000) refers (Special) to libinit2.o(.ARM.Collect$$libinit$$0000001B) for __rt_lib_init_lc_time_1
    libinit.o(.ARM.Collect$$libinit$$00000000) refers (Special) to libinit2.o(.ARM.Collect$$libinit$$00000006) for __rt_lib_init_preinit_1
    libinit.o(.ARM.Collect$$libinit$$00000000) refers (Special) to libinit2.o(.ARM.Collect$$libinit$$00000010) for __rt_lib_init_rand_1
    libinit.o(.ARM.Collect$$libinit$$00000000) refers (Special) to libinit2.o(.ARM.Collect$$libinit$$00000004) for __rt_lib_init_relocate_pie_1
    libinit.o(.ARM.Collect$$libinit$$00000000) refers (Special) to libinit2.o(.ARM.Collect$$libinit$$00000035) for __rt_lib_init_return
    libinit.o(.ARM.Collect$$libinit$$00000000) refers (Special) to libinit2.o(.ARM.Collect$$libinit$$0000001F) for __rt_lib_init_signal_1
    libinit.o(.ARM.Collect$$libinit$$00000000) refers (Special) to libinit2.o(.ARM.Collect$$libinit$$00000027) for __rt_lib_init_stdio_1
    libinit.o(.ARM.Collect$$libinit$$00000000) refers (Special) to libinit2.o(.ARM.Collect$$libinit$$0000000E) for __rt_lib_init_user_alloc_1
    libspace.o(.text) refers to libspace.o(.bss) for __libspace_start
    rtexit.o(.ARM.Collect$$rtexit$$00000000) refers (Special) to rtexit2.o(.ARM.Collect$$rtexit$$00000004) for __rt_exit_exit
    rtexit.o(.ARM.Collect$$rtexit$$00000000) refers (Special) to rtexit2.o(.ARM.Collect$$rtexit$$00000003) for __rt_exit_ls
    rtexit.o(.ARM.Collect$$rtexit$$00000000) refers (Special) to rtexit2.o(.ARM.Collect$$rtexit$$00000002) for __rt_exit_prels_1
    rtexit.o(.ARM.exidx) refers (Special) to rtexit2.o(.ARM.Collect$$rtexit$$00000004) for __rt_exit_exit
    rtexit.o(.ARM.exidx) refers (Special) to rtexit2.o(.ARM.Collect$$rtexit$$00000003) for __rt_exit_ls
    rtexit.o(.ARM.exidx) refers (Special) to rtexit2.o(.ARM.Collect$$rtexit$$00000002) for __rt_exit_prels_1
    rtexit.o(.ARM.exidx) refers to rtexit.o(.ARM.Collect$$rtexit$$00000000) for .ARM.Collect$$rtexit$$00000000
    libinit2.o(.ARM.Collect$$libinit$$00000001) refers to fpinit.o(x$fpl$fpinit) for _fp_init
    libinit2.o(.ARM.Collect$$libinit$$00000012) refers to libinit2.o(.ARM.Collect$$libinit$$00000011) for .ARM.Collect$$libinit$$00000011
    libinit2.o(.ARM.Collect$$libinit$$00000014) refers to libinit2.o(.ARM.Collect$$libinit$$00000011) for .ARM.Collect$$libinit$$00000011
    libinit2.o(.ARM.Collect$$libinit$$00000016) refers to libinit2.o(.ARM.Collect$$libinit$$00000011) for .ARM.Collect$$libinit$$00000011
    libinit2.o(.ARM.Collect$$libinit$$00000018) refers to libinit2.o(.ARM.Collect$$libinit$$00000011) for .ARM.Collect$$libinit$$00000011
    libinit2.o(.ARM.Collect$$libinit$$0000001A) refers to libinit2.o(.ARM.Collect$$libinit$$00000011) for .ARM.Collect$$libinit$$00000011
    libinit2.o(.ARM.Collect$$libinit$$00000028) refers to argv_veneer.o(.emb_text) for __ARM_argv_veneer
    libinit2.o(.ARM.Collect$$libinit$$00000029) refers to argv_veneer.o(.emb_text) for __ARM_argv_veneer
    rtexit2.o(.ARM.Collect$$rtexit$$00000003) refers to libshutdown.o(.ARM.Collect$$libshutdown$$00000000) for __rt_lib_shutdown
    rtexit2.o(.ARM.Collect$$rtexit$$00000004) refers to sys_exit.o(.text) for _sys_exit
    rtexit2.o(.ARM.exidx) refers to rtexit2.o(.ARM.Collect$$rtexit$$00000001) for .ARM.Collect$$rtexit$$00000001
    rtexit2.o(.ARM.exidx) refers to rtexit2.o(.ARM.Collect$$rtexit$$00000003) for .ARM.Collect$$rtexit$$00000003
    rtexit2.o(.ARM.exidx) refers to rtexit2.o(.ARM.Collect$$rtexit$$00000004) for .ARM.Collect$$rtexit$$00000004
    argv_veneer.o(.emb_text) refers to no_argv.o(.text) for __ARM_get_argv
    sys_exit.o(.text) refers (Special) to use_no_semi.o(.text) for __I$use$semihosting
    sys_exit.o(.text) refers (Special) to indicate_semi.o(.text) for __semihosting_library_function
    sys_exit_hlt.o(.text) refers (Special) to use_no_semi.o(.text) for __I$use$semihosting
    sys_exit_hlt.o(.text) refers (Special) to indicate_semi.o(.text) for __semihosting_library_function
    _get_argv_nomalloc.o(.text) refers (Special) to hrguard.o(.text) for __heap_region$guard
    _get_argv_nomalloc.o(.text) refers to defsig_rtmem_outer.o(.text) for __rt_SIGRTMEM
    _get_argv_nomalloc.o(.text) refers to sys_command.o(.text) for _sys_command_string
    libshutdown.o(.ARM.Collect$$libshutdown$$00000000) refers (Special) to libshutdown2.o(.ARM.Collect$$libshutdown$$00000002) for __rt_lib_shutdown_cpp_1
    libshutdown.o(.ARM.Collect$$libshutdown$$00000000) refers (Special) to libshutdown2.o(.ARM.Collect$$libshutdown$$00000007) for __rt_lib_shutdown_fp_trap_1
    libshutdown.o(.ARM.Collect$$libshutdown$$00000000) refers (Special) to libshutdown2.o(.ARM.Collect$$libshutdown$$0000000F) for __rt_lib_shutdown_heap_1
    libshutdown.o(.ARM.Collect$$libshutdown$$00000000) refers (Special) to libshutdown2.o(.ARM.Collect$$libshutdown$$00000010) for __rt_lib_shutdown_return
    libshutdown.o(.ARM.Collect$$libshutdown$$00000000) refers (Special) to libshutdown2.o(.ARM.Collect$$libshutdown$$0000000A) for __rt_lib_shutdown_signal_1
    libshutdown.o(.ARM.Collect$$libshutdown$$00000000) refers (Special) to libshutdown2.o(.ARM.Collect$$libshutdown$$00000004) for __rt_lib_shutdown_stdio_1
    libshutdown.o(.ARM.Collect$$libshutdown$$00000000) refers (Special) to libshutdown2.o(.ARM.Collect$$libshutdown$$0000000C) for __rt_lib_shutdown_user_alloc_1
    sys_command.o(.text) refers (Special) to use_no_semi.o(.text) for __I$use$semihosting
    sys_command.o(.text) refers (Special) to indicate_semi.o(.text) for __semihosting_library_function
    sys_command_hlt.o(.text) refers (Special) to use_no_semi.o(.text) for __I$use$semihosting
    sys_command_hlt.o(.text) refers (Special) to indicate_semi.o(.text) for __semihosting_library_function
    defsig_rtmem_outer.o(.text) refers to defsig_rtmem_inner.o(.text) for __rt_SIGRTMEM_inner
    defsig_rtmem_outer.o(.text) refers to defsig_exit.o(.text) for __sig_exit
    defsig_rtmem_formal.o(.text) refers to rt_raise.o(.text) for __rt_raise
    rt_raise.o(.text) refers to __raise.o(.text) for __raise
    rt_raise.o(.text) refers to sys_exit.o(.text) for _sys_exit
    defsig_exit.o(.text) refers to sys_exit.o(.text) for _sys_exit
    defsig_rtmem_inner.o(.text) refers to defsig_general.o(.text) for __default_signal_display
    __raise.o(.text) refers to defsig.o(CL$$defsig) for __default_signal_handler
    defsig_general.o(.text) refers to sys_wrch.o(.text) for _ttywrch
    sys_wrch.o(.text) refers (Special) to use_no_semi.o(.text) for __I$use$semihosting
    sys_wrch.o(.text) refers (Special) to indicate_semi.o(.text) for __semihosting_library_function
    sys_wrch_hlt.o(.text) refers (Special) to use_no_semi.o(.text) for __I$use$semihosting
    sys_wrch_hlt.o(.text) refers (Special) to indicate_semi.o(.text) for __semihosting_library_function
    defsig.o(CL$$defsig) refers to defsig_rtmem_inner.o(.text) for __rt_SIGRTMEM_inner
    defsig_abrt_inner.o(.text) refers to defsig_general.o(.text) for __default_signal_display
    defsig_fpe_inner.o(.text) refers to defsig_general.o(.text) for __default_signal_display
    defsig_rtred_inner.o(.text) refers to defsig_general.o(.text) for __default_signal_display
    defsig_stak_inner.o(.text) refers to defsig_general.o(.text) for __default_signal_display
    defsig_pvfn_inner.o(.text) refers to defsig_general.o(.text) for __default_signal_display
    defsig_cppl_inner.o(.text) refers to defsig_general.o(.text) for __default_signal_display
    defsig_segv_inner.o(.text) refers to defsig_general.o(.text) for __default_signal_display
    defsig_other.o(.text) refers to defsig_general.o(.text) for __default_signal_display


==============================================================================

Removing Unused input sections from the image.

    Removing main.o(.text), (0 bytes).
    Removing main.o(.ARM.exidx.text.main), (8 bytes).
    Removing main.o(.ARM.exidx.text.HandleUserInput), (8 bytes).
    Removing main.o(.ARM.exidx.text.RunningStateHanlder), (8 bytes).
    Removing main.o(.ARM.exidx.text.Appl_SecStartUpConfig), (8 bytes).
    Removing main.o(.ARM.exidx.text.Appl_SecTimerHanlder), (8 bytes).
    Removing main.o(.ARM.exidx.text.Appl_DimmingHanlder), (8 bytes).
    Removing main.o(.ARM.use_no_argv), (4 bytes).
    Removing intctrl.o(.text), (0 bytes).
    Removing intctrl.o(.ARM.exidx.text.IntCrtl_Init), (8 bytes).
    Removing port.o(.text), (0 bytes).
    Removing port.o(.ARM.exidx.text.Port_Init), (8 bytes).
    Removing port.o(.ARM.exidx.text.enablePortClkGating), (8 bytes).
    Removing port.o(.ARM.exidx.text.setPortXPinDir), (8 bytes).
    Removing port.o(.ARM.exidx.text.setPortXPinMode), (8 bytes).
    Removing port.o(.ARM.exidx.text.setPortXpinIntAttach), (8 bytes).
    Removing port.o(.ARM.exidx.text.setPortXPinLevelValue), (8 bytes).
    Removing intctrl_lcfg.o(.text), (0 bytes).
    Removing port_lcfg.o(.text), (0 bytes).
    Removing dio.o(.text), (0 bytes).
    Removing dio.o(.ARM.exidx.text.Dio_ReadChannel), (8 bytes).
    Removing dio.o(.ARM.exidx.text.Dio_WriteChannel), (8 bytes).
    Removing dio.o(.text.Dio_WritePort), (80 bytes).
    Removing dio.o(.ARM.exidx.text.Dio_WritePort), (8 bytes).
    Removing dio.o(.text.Dio_ReadPort), (156 bytes).
    Removing dio.o(.ARM.exidx.text.Dio_ReadPort), (8 bytes).
    Removing dio.o(.ARM.exidx.text.Dio_FlipChannel), (8 bytes).
    Removing dio.o(.bss.TempRegVar), (4 bytes).
    Removing gpt.o(.text), (0 bytes).
    Removing gpt.o(.ARM.exidx.text.Gpt_Init), (8 bytes).
    Removing gpt.o(.ARM.exidx.text.Gpt_SetMode), (8 bytes).
    Removing gpt.o(.ARM.exidx.text.Gpt_IntCtl), (8 bytes).
    Removing gpt.o(.ARM.exidx.text.Gpt_LoadIntervalVal), (8 bytes).
    Removing gpt.o(.ARM.exidx.text.Gpt_StartTimer), (8 bytes).
    Removing gpt.o(.ARM.exidx.text.Gpt_StopTimer), (8 bytes).
    Removing gpt.o(.ARM.exidx.text.TIMER0A_Handler), (8 bytes).
    Removing gpt.o(.ARM.exidx.text.TIMER1A_Handler), (8 bytes).
    Removing gpt.o(.ARM.exidx.text.TIMER2A_Handler), (8 bytes).
    Removing gpt.o(.ARM.exidx.text.TIMER3A_Handler), (8 bytes).
    Removing gpt.o(.ARM.exidx.text.TIMER4A_Handler), (8 bytes).
    Removing gpt.o(.ARM.exidx.text.TIMER5A_Handler), (8 bytes).
    Removing gpt.o(.ARM.exidx.text.WTIMER0A_Handler), (8 bytes).
    Removing gpt.o(.ARM.exidx.text.WTIMER1A_Handler), (8 bytes).
    Removing gpt.o(.ARM.exidx.text.WTIMER2A_Handler), (8 bytes).
    Removing gpt.o(.ARM.exidx.text.WTIMER3A_Handler), (8 bytes).
    Removing gpt.o(.ARM.exidx.text.WTIMER4A_Handler), (8 bytes).
    Removing gpt.o(.ARM.exidx.text.WTIMER5A_Handler), (8 bytes).
    Removing gpt_lcfg.o(.text), (0 bytes).
    Removing system_tm4c123.o(.text), (0 bytes).
    Removing system_tm4c123.o(.text.SystemCoreClockUpdate), (326 bytes).
    Removing system_tm4c123.o(.ARM.exidx.text.SystemCoreClockUpdate), (8 bytes).
    Removing system_tm4c123.o(.text.getOscClk), (360 bytes).
    Removing system_tm4c123.o(.ARM.exidx.text.getOscClk), (8 bytes).
    Removing system_tm4c123.o(.ARM.exidx.text.SystemInit), (8 bytes).
    Removing system_tm4c123.o(.data.SystemCoreClock), (4 bytes).

55 unused section(s) (total 1246 bytes) removed from the image.

==============================================================================

Image Symbol Table

    Local Symbols

    Symbol Name                              Value     Ov Type        Size  Object(Section)

    ../clib/angel/boardlib.s                 0x00000000   Number         0  boardinit1.o ABSOLUTE
    ../clib/angel/boardlib.s                 0x00000000   Number         0  boardinit2.o ABSOLUTE
    ../clib/angel/boardlib.s                 0x00000000   Number         0  boardinit3.o ABSOLUTE
    ../clib/angel/boardlib.s                 0x00000000   Number         0  boardshut.o ABSOLUTE
    ../clib/angel/handlers.s                 0x00000000   Number         0  __scatter_copy.o ABSOLUTE
    ../clib/angel/handlers.s                 0x00000000   Number         0  __scatter_zi.o ABSOLUTE
    ../clib/angel/kernel.s                   0x00000000   Number         0  __rtentry.o ABSOLUTE
    ../clib/angel/kernel.s                   0x00000000   Number         0  __rtentry2.o ABSOLUTE
    ../clib/angel/kernel.s                   0x00000000   Number         0  __rtentry4.o ABSOLUTE
    ../clib/angel/kernel.s                   0x00000000   Number         0  rtexit.o ABSOLUTE
    ../clib/angel/kernel.s                   0x00000000   Number         0  rtexit2.o ABSOLUTE
    ../clib/angel/rt.s                       0x00000000   Number         0  rt_raise.o ABSOLUTE
    ../clib/angel/scatter.s                  0x00000000   Number         0  __scatter.o ABSOLUTE
    ../clib/angel/startup.s                  0x00000000   Number         0  __main.o ABSOLUTE
    ../clib/angel/sys.s                      0x00000000   Number         0  sys_stackheap_outer.o ABSOLUTE
    ../clib/angel/sys.s                      0x00000000   Number         0  libspace.o ABSOLUTE
    ../clib/angel/sys.s                      0x00000000   Number         0  use_no_semi.o ABSOLUTE
    ../clib/angel/sys.s                      0x00000000   Number         0  indicate_semi.o ABSOLUTE
    ../clib/angel/sysapp.c                   0x00000000   Number         0  sys_exit.o ABSOLUTE
    ../clib/angel/sysapp.c                   0x00000000   Number         0  sys_exit_hlt.o ABSOLUTE
    ../clib/angel/sysapp.c                   0x00000000   Number         0  sys_command.o ABSOLUTE
    ../clib/angel/sysapp.c                   0x00000000   Number         0  sys_command_hlt.o ABSOLUTE
    ../clib/angel/sysapp.c                   0x00000000   Number         0  sys_wrch.o ABSOLUTE
    ../clib/angel/sysapp.c                   0x00000000   Number         0  sys_wrch_hlt.o ABSOLUTE
    ../clib/armsys.c                         0x00000000   Number         0  argv_veneer.o ABSOLUTE
    ../clib/armsys.c                         0x00000000   Number         0  argv_veneer.o ABSOLUTE
    ../clib/armsys.c                         0x00000000   Number         0  _get_argv_nomalloc.o ABSOLUTE
    ../clib/armsys.c                         0x00000000   Number         0  no_argv.o ABSOLUTE
    ../clib/heapalloc.c                      0x00000000   Number         0  hrguard.o ABSOLUTE
    ../clib/heapaux.c                        0x00000000   Number         0  heapauxi.o ABSOLUTE
    ../clib/irq.c                            0x00000000   Number         0  irqnopfx.o ABSOLUTE
    ../clib/libinit.s                        0x00000000   Number         0  libinit.o ABSOLUTE
    ../clib/libinit.s                        0x00000000   Number         0  libinit2.o ABSOLUTE
    ../clib/libinit.s                        0x00000000   Number         0  libshutdown.o ABSOLUTE
    ../clib/libinit.s                        0x00000000   Number         0  libshutdown2.o ABSOLUTE
    ../clib/signal.c                         0x00000000   Number         0  defsig_rtmem_outer.o ABSOLUTE
    ../clib/signal.c                         0x00000000   Number         0  defsig_rtmem_formal.o ABSOLUTE
    ../clib/signal.c                         0x00000000   Number         0  defsig_exit.o ABSOLUTE
    ../clib/signal.c                         0x00000000   Number         0  defsig_rtmem_inner.o ABSOLUTE
    ../clib/signal.c                         0x00000000   Number         0  __raise.o ABSOLUTE
    ../clib/signal.c                         0x00000000   Number         0  defsig_general.o ABSOLUTE
    ../clib/signal.c                         0x00000000   Number         0  defsig_abrt_inner.o ABSOLUTE
    ../clib/signal.c                         0x00000000   Number         0  defsig_fpe_inner.o ABSOLUTE
    ../clib/signal.c                         0x00000000   Number         0  defsig_rtred_inner.o ABSOLUTE
    ../clib/signal.c                         0x00000000   Number         0  defsig_stak_inner.o ABSOLUTE
    ../clib/signal.c                         0x00000000   Number         0  defsig_pvfn_inner.o ABSOLUTE
    ../clib/signal.c                         0x00000000   Number         0  defsig_cppl_inner.o ABSOLUTE
    ../clib/signal.c                         0x00000000   Number         0  defsig_segv_inner.o ABSOLUTE
    ../clib/signal.c                         0x00000000   Number         0  defsig_other.o ABSOLUTE
    ../clib/signal.s                         0x00000000   Number         0  defsig.o ABSOLUTE
    ../clib/stdlib.c                         0x00000000   Number         0  exit.o ABSOLUTE
    ../fplib/fpinit.s                        0x00000000   Number         0  fpinit.o ABSOLUTE
    Dio.c                                    0x00000000   Number         0  dio.o ABSOLUTE
    Gpt.c                                    0x00000000   Number         0  gpt.o ABSOLUTE
    Gpt_Lcfg.c                               0x00000000   Number         0  gpt_lcfg.o ABSOLUTE
    IntCtrl.c                                0x00000000   Number         0  intctrl.o ABSOLUTE
    IntCtrl_Lcfg.c                           0x00000000   Number         0  intctrl_lcfg.o ABSOLUTE
    Port.c                                   0x00000000   Number         0  port.o ABSOLUTE
    Port_Lcfg.c                              0x00000000   Number         0  port_lcfg.o ABSOLUTE
    RTE/Device/TM4C123GH6PM/startup_TM4C123.s 0x00000000   Number         0  startup_tm4c123.o ABSOLUTE
    dc.s                                     0x00000000   Number         0  dc.o ABSOLUTE
    main.c                                   0x00000000   Number         0  main.o ABSOLUTE
    system_TM4C123.c                         0x00000000   Number         0  system_tm4c123.o ABSOLUTE
    RESET                                    0x00000000   Section      620  startup_tm4c123.o(RESET)
    !!!main                                  0x0000026c   Section        8  __main.o(!!!main)
    !!!scatter                               0x00000274   Section       52  __scatter.o(!!!scatter)
    !!handler_copy                           0x000002a8   Section       26  __scatter_copy.o(!!handler_copy)
    !!handler_zi                             0x000002c4   Section       28  __scatter_zi.o(!!handler_zi)
    .ARM.Collect$$libinit$$00000000          0x000002e0   Section        2  libinit.o(.ARM.Collect$$libinit$$00000000)
    .ARM.Collect$$libinit$$00000001          0x000002e2   Section        4  libinit2.o(.ARM.Collect$$libinit$$00000001)
    .ARM.Collect$$libinit$$00000004          0x000002e6   Section        0  libinit2.o(.ARM.Collect$$libinit$$00000004)
    .ARM.Collect$$libinit$$00000006          0x000002e6   Section        0  libinit2.o(.ARM.Collect$$libinit$$00000006)
    .ARM.Collect$$libinit$$0000000C          0x000002e6   Section        0  libinit2.o(.ARM.Collect$$libinit$$0000000C)
    .ARM.Collect$$libinit$$0000000E          0x000002e6   Section        0  libinit2.o(.ARM.Collect$$libinit$$0000000E)
    .ARM.Collect$$libinit$$00000010          0x000002e6   Section        0  libinit2.o(.ARM.Collect$$libinit$$00000010)
    .ARM.Collect$$libinit$$00000013          0x000002e6   Section        0  libinit2.o(.ARM.Collect$$libinit$$00000013)
    .ARM.Collect$$libinit$$00000015          0x000002e6   Section        0  libinit2.o(.ARM.Collect$$libinit$$00000015)
    .ARM.Collect$$libinit$$00000017          0x000002e6   Section        0  libinit2.o(.ARM.Collect$$libinit$$00000017)
    .ARM.Collect$$libinit$$00000019          0x000002e6   Section        0  libinit2.o(.ARM.Collect$$libinit$$00000019)
    .ARM.Collect$$libinit$$0000001B          0x000002e6   Section        0  libinit2.o(.ARM.Collect$$libinit$$0000001B)
    .ARM.Collect$$libinit$$0000001D          0x000002e6   Section        0  libinit2.o(.ARM.Collect$$libinit$$0000001D)
    .ARM.Collect$$libinit$$0000001F          0x000002e6   Section        0  libinit2.o(.ARM.Collect$$libinit$$0000001F)
    .ARM.Collect$$libinit$$00000021          0x000002e6   Section        0  libinit2.o(.ARM.Collect$$libinit$$00000021)
    .ARM.Collect$$libinit$$00000023          0x000002e6   Section        0  libinit2.o(.ARM.Collect$$libinit$$00000023)
    .ARM.Collect$$libinit$$00000025          0x000002e6   Section        0  libinit2.o(.ARM.Collect$$libinit$$00000025)
    .ARM.Collect$$libinit$$00000027          0x000002e6   Section        0  libinit2.o(.ARM.Collect$$libinit$$00000027)
    .ARM.Collect$$libinit$$0000002E          0x000002e6   Section        0  libinit2.o(.ARM.Collect$$libinit$$0000002E)
    .ARM.Collect$$libinit$$00000030          0x000002e6   Section        0  libinit2.o(.ARM.Collect$$libinit$$00000030)
    .ARM.Collect$$libinit$$00000032          0x000002e6   Section        0  libinit2.o(.ARM.Collect$$libinit$$00000032)
    .ARM.Collect$$libinit$$00000034          0x000002e6   Section        0  libinit2.o(.ARM.Collect$$libinit$$00000034)
    .ARM.Collect$$libinit$$00000035          0x000002e6   Section        2  libinit2.o(.ARM.Collect$$libinit$$00000035)
    .ARM.Collect$$libshutdown$$00000000      0x000002e8   Section        2  libshutdown.o(.ARM.Collect$$libshutdown$$00000000)
    .ARM.Collect$$libshutdown$$00000002      0x000002ea   Section        0  libshutdown2.o(.ARM.Collect$$libshutdown$$00000002)
    .ARM.Collect$$libshutdown$$00000004      0x000002ea   Section        0  libshutdown2.o(.ARM.Collect$$libshutdown$$00000004)
    .ARM.Collect$$libshutdown$$00000007      0x000002ea   Section        0  libshutdown2.o(.ARM.Collect$$libshutdown$$00000007)
    .ARM.Collect$$libshutdown$$0000000A      0x000002ea   Section        0  libshutdown2.o(.ARM.Collect$$libshutdown$$0000000A)
    .ARM.Collect$$libshutdown$$0000000C      0x000002ea   Section        0  libshutdown2.o(.ARM.Collect$$libshutdown$$0000000C)
    .ARM.Collect$$libshutdown$$0000000F      0x000002ea   Section        0  libshutdown2.o(.ARM.Collect$$libshutdown$$0000000F)
    .ARM.Collect$$libshutdown$$00000010      0x000002ea   Section        2  libshutdown2.o(.ARM.Collect$$libshutdown$$00000010)
    .ARM.Collect$$rtentry$$00000000          0x000002ec   Section        0  __rtentry.o(.ARM.Collect$$rtentry$$00000000)
    .ARM.Collect$$rtentry$$00000002          0x000002ec   Section        0  __rtentry2.o(.ARM.Collect$$rtentry$$00000002)
    .ARM.Collect$$rtentry$$00000004          0x000002ec   Section        6  __rtentry4.o(.ARM.Collect$$rtentry$$00000004)
    .ARM.Collect$$rtentry$$00000009          0x000002f2   Section        0  __rtentry2.o(.ARM.Collect$$rtentry$$00000009)
    .ARM.Collect$$rtentry$$0000000A          0x000002f2   Section        4  __rtentry2.o(.ARM.Collect$$rtentry$$0000000A)
    .ARM.Collect$$rtentry$$0000000C          0x000002f6   Section        0  __rtentry2.o(.ARM.Collect$$rtentry$$0000000C)
    .ARM.Collect$$rtentry$$0000000D          0x000002f6   Section        8  __rtentry2.o(.ARM.Collect$$rtentry$$0000000D)
    .ARM.Collect$$rtexit$$00000000           0x000002fe   Section        2  rtexit.o(.ARM.Collect$$rtexit$$00000000)
    .ARM.Collect$$rtexit$$00000002           0x00000300   Section        0  rtexit2.o(.ARM.Collect$$rtexit$$00000002)
    .ARM.Collect$$rtexit$$00000003           0x00000300   Section        4  rtexit2.o(.ARM.Collect$$rtexit$$00000003)
    .ARM.Collect$$rtexit$$00000004           0x00000304   Section        6  rtexit2.o(.ARM.Collect$$rtexit$$00000004)
    $v0                                      0x0000030c   Number         0  startup_tm4c123.o(.text)
    .text                                    0x0000030c   Section      276  startup_tm4c123.o(.text)
    .text                                    0x00000420   Section        0  heapauxi.o(.text)
    .text                                    0x00000426   Section       74  sys_stackheap_outer.o(.text)
    .text                                    0x00000470   Section        0  exit.o(.text)
    .text                                    0x00000484   Section        8  libspace.o(.text)
    .text                                    0x0000048c   Section        0  sys_exit.o(.text)
    .text                                    0x00000498   Section        2  use_no_semi.o(.text)
    .text                                    0x0000049a   Section        0  indicate_semi.o(.text)
    [Anonymous Symbol]                       0x0000049c   Section        0  main.o(.text.Appl_DimmingHanlder)
    [Anonymous Symbol]                       0x000004a8   Section        0  main.o(.text.Appl_SecStartUpConfig)
    [Anonymous Symbol]                       0x000004e4   Section        0  main.o(.text.Appl_SecTimerHanlder)
    [Anonymous Symbol]                       0x000005a8   Section        0  dio.o(.text.Dio_FlipChannel)
    [Anonymous Symbol]                       0x00000604   Section        0  dio.o(.text.Dio_ReadChannel)
    [Anonymous Symbol]                       0x0000066c   Section        0  dio.o(.text.Dio_WriteChannel)
    [Anonymous Symbol]                       0x00000728   Section        0  gpt.o(.text.Gpt_Init)
    Gpt_IntCtl                               0x000007d5   Thumb Code    68  gpt.o(.text.Gpt_IntCtl)
    [Anonymous Symbol]                       0x000007d4   Section        0  gpt.o(.text.Gpt_IntCtl)
    Gpt_LoadIntervalVal                      0x00000819   Thumb Code    70  gpt.o(.text.Gpt_LoadIntervalVal)
    [Anonymous Symbol]                       0x00000818   Section        0  gpt.o(.text.Gpt_LoadIntervalVal)
    Gpt_SetMode                              0x00000861   Thumb Code   154  gpt.o(.text.Gpt_SetMode)
    [Anonymous Symbol]                       0x00000860   Section        0  gpt.o(.text.Gpt_SetMode)
    [Anonymous Symbol]                       0x000008fc   Section        0  gpt.o(.text.Gpt_StartTimer)
    [Anonymous Symbol]                       0x00000944   Section        0  gpt.o(.text.Gpt_StopTimer)
    HandleUserInput                          0x00000989   Thumb Code   140  main.o(.text.HandleUserInput)
    [Anonymous Symbol]                       0x00000988   Section        0  main.o(.text.HandleUserInput)
    [Anonymous Symbol]                       0x00000a14   Section        0  intctrl.o(.text.IntCrtl_Init)
    [Anonymous Symbol]                       0x00000a4c   Section        0  port.o(.text.Port_Init)
    RunningStateHanlder                      0x00000aed   Thumb Code   210  main.o(.text.RunningStateHanlder)
    [Anonymous Symbol]                       0x00000aec   Section        0  main.o(.text.RunningStateHanlder)
    [Anonymous Symbol]                       0x00000bc0   Section        0  system_tm4c123.o(.text.SystemInit)
    [Anonymous Symbol]                       0x00000ccc   Section        0  gpt.o(.text.TIMER0A_Handler)
    [Anonymous Symbol]                       0x00000ce0   Section        0  gpt.o(.text.TIMER1A_Handler)
    [Anonymous Symbol]                       0x00000cf4   Section        0  gpt.o(.text.TIMER2A_Handler)
    [Anonymous Symbol]                       0x00000d08   Section        0  gpt.o(.text.TIMER3A_Handler)
    [Anonymous Symbol]                       0x00000d1c   Section        0  gpt.o(.text.TIMER4A_Handler)
    [Anonymous Symbol]                       0x00000d30   Section        0  gpt.o(.text.TIMER5A_Handler)
    [Anonymous Symbol]                       0x00000d44   Section        0  gpt.o(.text.WTIMER0A_Handler)
    [Anonymous Symbol]                       0x00000d58   Section        0  gpt.o(.text.WTIMER1A_Handler)
    [Anonymous Symbol]                       0x00000d6c   Section        0  gpt.o(.text.WTIMER2A_Handler)
    [Anonymous Symbol]                       0x00000d80   Section        0  gpt.o(.text.WTIMER3A_Handler)
    [Anonymous Symbol]                       0x00000d94   Section        0  gpt.o(.text.WTIMER4A_Handler)
    [Anonymous Symbol]                       0x00000da8   Section        0  gpt.o(.text.WTIMER5A_Handler)
    enablePortClkGating                      0x00000dbd   Thumb Code    92  port.o(.text.enablePortClkGating)
    [Anonymous Symbol]                       0x00000dbc   Section        0  port.o(.text.enablePortClkGating)
    [Anonymous Symbol]                       0x00000e18   Section        0  main.o(.text.main)
    setPortXPinDir                           0x00000e99   Thumb Code   306  port.o(.text.setPortXPinDir)
    [Anonymous Symbol]                       0x00000e98   Section        0  port.o(.text.setPortXPinDir)
    setPortXPinLevelValue                    0x00000fcd   Thumb Code   154  port.o(.text.setPortXPinLevelValue)
    [Anonymous Symbol]                       0x00000fcc   Section        0  port.o(.text.setPortXPinLevelValue)
    setPortXPinMode                          0x00001069   Thumb Code   224  port.o(.text.setPortXPinMode)
    [Anonymous Symbol]                       0x00001068   Section        0  port.o(.text.setPortXPinMode)
    setPortXpinIntAttach                     0x00001149   Thumb Code   386  port.o(.text.setPortXpinIntAttach)
    [Anonymous Symbol]                       0x00001148   Section        0  port.o(.text.setPortXpinIntAttach)
    $v0                                      0x000012ca   Number         0  fpinit.o(x$fpl$fpinit)
    x$fpl$fpinit                             0x000012ca   Section       26  fpinit.o(x$fpl$fpinit)
    Appl_SecStartUpConfig.StartupTimeTolerance 0x20000000   Data           1  main.o(.data.Appl_SecStartUpConfig.StartupTimeTolerance)
    [Anonymous Symbol]                       0x20000000   Section        0  main.o(.data.Appl_SecStartUpConfig.StartupTimeTolerance)
    main.sw1State                            0x20000001   Data           1  main.o(.data.main.sw1State)
    [Anonymous Symbol]                       0x20000001   Section        0  main.o(.data.main.sw1State)
    main.sw2State                            0x20000002   Data           1  main.o(.data.main.sw2State)
    [Anonymous Symbol]                       0x20000002   Section        0  main.o(.data.main.sw2State)
    .bss                                     0x20000008   Section       96  libspace.o(.bss)
    HandleUserInput.startTimerOnce           0x20000068   Data           1  main.o(.bss.HandleUserInput.startTimerOnce)
    [Anonymous Symbol]                       0x20000068   Section        0  main.o(.bss.HandleUserInput.startTimerOnce)
    RunningSubStates                         0x20000069   Data           1  main.o(.bss.RunningSubStates)
    [Anonymous Symbol]                       0x20000069   Section        0  main.o(.bss.RunningSubStates)
    dimmingTimerControl                      0x2000006a   Data           1  main.o(.bss.dimmingTimerControl)
    [Anonymous Symbol]                       0x2000006a   Section        0  main.o(.bss.dimmingTimerControl)
    offTimeInputCounterSec                   0x2000006b   Data           1  main.o(.bss.offTimeInputCounterSec)
    [Anonymous Symbol]                       0x2000006b   Section        0  main.o(.bss.offTimeInputCounterSec)
    offTimerControl                          0x2000006c   Data           1  main.o(.bss.offTimerControl)
    [Anonymous Symbol]                       0x2000006c   Section        0  main.o(.bss.offTimerControl)
    offtimeCalc                              0x2000006d   Data           1  main.o(.bss.offtimeCalc)
    [Anonymous Symbol]                       0x2000006d   Section        0  main.o(.bss.offtimeCalc)
    onTimeInputCounterSec                    0x2000006e   Data           1  main.o(.bss.onTimeInputCounterSec)
    [Anonymous Symbol]                       0x2000006e   Section        0  main.o(.bss.onTimeInputCounterSec)
    onTimerControl                           0x2000006f   Data           1  main.o(.bss.onTimerControl)
    [Anonymous Symbol]                       0x2000006f   Section        0  main.o(.bss.onTimerControl)
    ontimeCalc                               0x20000070   Data           1  main.o(.bss.ontimeCalc)
    [Anonymous Symbol]                       0x20000070   Section        0  main.o(.bss.ontimeCalc)
    stateMachine                             0x20000071   Data           1  main.o(.bss.stateMachine)
    [Anonymous Symbol]                       0x20000071   Section        0  main.o(.bss.stateMachine)
    Heap_Mem                                 0x20000078   Data           0  startup_tm4c123.o(HEAP)
    Stack_Mem                                0x20000078   Data         512  startup_tm4c123.o(STACK)
    HEAP                                     0x20000078   Section        0  startup_tm4c123.o(HEAP)
    STACK                                    0x20000078   Section      512  startup_tm4c123.o(STACK)
    __initial_sp                             0x20000278   Data           0  startup_tm4c123.o(STACK)

    Global Symbols

    Symbol Name                              Value     Ov Type        Size  Object(Section)

    BuildAttributes$$THM_ISAv4$E$P$D$K$B$S$7EM$VFPi3$EXTD16$VFPS$VFMA$PE$A:L22UL41UL21$X:L11$S22US41US21$IEEE1$IW$~IW$USESV6$~STKCKD$USESV7$~SHL$OSPACE$ROPI$EBA8$UX$STANDARDLIB$REQ8$PRES8$EABIv2 0x00000000   Number         0  anon$$obj.o ABSOLUTE
    __Vectors                                0x00000000   Data           4  startup_tm4c123.o(RESET)
    __ARM_exceptions_init                     - Undefined Weak Reference
    __alloca_initialize                       - Undefined Weak Reference
    __arm_preinit_                            - Undefined Weak Reference
    __arm_relocate_pie_                       - Undefined Weak Reference
    __cpp_initialize__aeabi_                  - Undefined Weak Reference
    __cxa_finalize                            - Undefined Weak Reference
    __rt_locale                               - Undefined Weak Reference
    __sigvec_lookup                           - Undefined Weak Reference
    _atexit_init                              - Undefined Weak Reference
    _call_atexit_fns                          - Undefined Weak Reference
    _clock_init                               - Undefined Weak Reference
    _fp_trap_init                             - Undefined Weak Reference
    _fp_trap_shutdown                         - Undefined Weak Reference
    _get_lc_collate                           - Undefined Weak Reference
    _get_lc_ctype                             - Undefined Weak Reference
    _get_lc_monetary                          - Undefined Weak Reference
    _get_lc_numeric                           - Undefined Weak Reference
    _get_lc_time                              - Undefined Weak Reference
    _getenv_init                              - Undefined Weak Reference
    _handle_redirection                       - Undefined Weak Reference
    _init_alloc                               - Undefined Weak Reference
    _init_user_alloc                          - Undefined Weak Reference
    _initio                                   - Undefined Weak Reference
    _rand_init                                - Undefined Weak Reference
    _signal_finish                            - Undefined Weak Reference
    _signal_init                              - Undefined Weak Reference
    _terminate_alloc                          - Undefined Weak Reference
    _terminate_user_alloc                     - Undefined Weak Reference
    _terminateio                              - Undefined Weak Reference
    __Vectors_End                            0x0000026c   Data           0  startup_tm4c123.o(RESET)
    __Vectors_Size                           0x0000026c   Number         0  startup_tm4c123.o ABSOLUTE
    __main                                   0x0000026d   Thumb Code     8  __main.o(!!!main)
    __scatterload                            0x00000275   Thumb Code     0  __scatter.o(!!!scatter)
    __scatterload_rt2                        0x00000275   Thumb Code    44  __scatter.o(!!!scatter)
    __scatterload_rt2_thumb_only             0x00000275   Thumb Code     0  __scatter.o(!!!scatter)
    __scatterload_null                       0x00000283   Thumb Code     0  __scatter.o(!!!scatter)
    __scatterload_copy                       0x000002a9   Thumb Code    26  __scatter_copy.o(!!handler_copy)
    __scatterload_zeroinit                   0x000002c5   Thumb Code    28  __scatter_zi.o(!!handler_zi)
    __rt_lib_init                            0x000002e1   Thumb Code     0  libinit.o(.ARM.Collect$$libinit$$00000000)
    __rt_lib_init_fp_1                       0x000002e3   Thumb Code     0  libinit2.o(.ARM.Collect$$libinit$$00000001)
    __rt_lib_init_alloca_1                   0x000002e7   Thumb Code     0  libinit2.o(.ARM.Collect$$libinit$$00000030)
    __rt_lib_init_argv_1                     0x000002e7   Thumb Code     0  libinit2.o(.ARM.Collect$$libinit$$0000002E)
    __rt_lib_init_atexit_1                   0x000002e7   Thumb Code     0  libinit2.o(.ARM.Collect$$libinit$$0000001D)
    __rt_lib_init_clock_1                    0x000002e7   Thumb Code     0  libinit2.o(.ARM.Collect$$libinit$$00000023)
    __rt_lib_init_cpp_1                      0x000002e7   Thumb Code     0  libinit2.o(.ARM.Collect$$libinit$$00000034)
    __rt_lib_init_exceptions_1               0x000002e7   Thumb Code     0  libinit2.o(.ARM.Collect$$libinit$$00000032)
    __rt_lib_init_fp_trap_1                  0x000002e7   Thumb Code     0  libinit2.o(.ARM.Collect$$libinit$$00000021)
    __rt_lib_init_getenv_1                   0x000002e7   Thumb Code     0  libinit2.o(.ARM.Collect$$libinit$$00000025)
    __rt_lib_init_heap_1                     0x000002e7   Thumb Code     0  libinit2.o(.ARM.Collect$$libinit$$0000000C)
    __rt_lib_init_lc_collate_1               0x000002e7   Thumb Code     0  libinit2.o(.ARM.Collect$$libinit$$00000013)
    __rt_lib_init_lc_ctype_1                 0x000002e7   Thumb Code     0  libinit2.o(.ARM.Collect$$libinit$$00000015)
    __rt_lib_init_lc_monetary_1              0x000002e7   Thumb Code     0  libinit2.o(.ARM.Collect$$libinit$$00000017)
    __rt_lib_init_lc_numeric_1               0x000002e7   Thumb Code     0  libinit2.o(.ARM.Collect$$libinit$$00000019)
    __rt_lib_init_lc_time_1                  0x000002e7   Thumb Code     0  libinit2.o(.ARM.Collect$$libinit$$0000001B)
    __rt_lib_init_preinit_1                  0x000002e7   Thumb Code     0  libinit2.o(.ARM.Collect$$libinit$$00000006)
    __rt_lib_init_rand_1                     0x000002e7   Thumb Code     0  libinit2.o(.ARM.Collect$$libinit$$00000010)
    __rt_lib_init_relocate_pie_1             0x000002e7   Thumb Code     0  libinit2.o(.ARM.Collect$$libinit$$00000004)
    __rt_lib_init_return                     0x000002e7   Thumb Code     0  libinit2.o(.ARM.Collect$$libinit$$00000035)
    __rt_lib_init_signal_1                   0x000002e7   Thumb Code     0  libinit2.o(.ARM.Collect$$libinit$$0000001F)
    __rt_lib_init_stdio_1                    0x000002e7   Thumb Code     0  libinit2.o(.ARM.Collect$$libinit$$00000027)
    __rt_lib_init_user_alloc_1               0x000002e7   Thumb Code     0  libinit2.o(.ARM.Collect$$libinit$$0000000E)
    __rt_lib_shutdown                        0x000002e9   Thumb Code     0  libshutdown.o(.ARM.Collect$$libshutdown$$00000000)
    __rt_lib_shutdown_cpp_1                  0x000002eb   Thumb Code     0  libshutdown2.o(.ARM.Collect$$libshutdown$$00000002)
    __rt_lib_shutdown_fp_trap_1              0x000002eb   Thumb Code     0  libshutdown2.o(.ARM.Collect$$libshutdown$$00000007)
    __rt_lib_shutdown_heap_1                 0x000002eb   Thumb Code     0  libshutdown2.o(.ARM.Collect$$libshutdown$$0000000F)
    __rt_lib_shutdown_return                 0x000002eb   Thumb Code     0  libshutdown2.o(.ARM.Collect$$libshutdown$$00000010)
    __rt_lib_shutdown_signal_1               0x000002eb   Thumb Code     0  libshutdown2.o(.ARM.Collect$$libshutdown$$0000000A)
    __rt_lib_shutdown_stdio_1                0x000002eb   Thumb Code     0  libshutdown2.o(.ARM.Collect$$libshutdown$$00000004)
    __rt_lib_shutdown_user_alloc_1           0x000002eb   Thumb Code     0  libshutdown2.o(.ARM.Collect$$libshutdown$$0000000C)
    __rt_entry                               0x000002ed   Thumb Code     0  __rtentry.o(.ARM.Collect$$rtentry$$00000000)
    __rt_entry_presh_1                       0x000002ed   Thumb Code     0  __rtentry2.o(.ARM.Collect$$rtentry$$00000002)
    __rt_entry_sh                            0x000002ed   Thumb Code     0  __rtentry4.o(.ARM.Collect$$rtentry$$00000004)
    __rt_entry_li                            0x000002f3   Thumb Code     0  __rtentry2.o(.ARM.Collect$$rtentry$$0000000A)
    __rt_entry_postsh_1                      0x000002f3   Thumb Code     0  __rtentry2.o(.ARM.Collect$$rtentry$$00000009)
    __rt_entry_main                          0x000002f7   Thumb Code     0  __rtentry2.o(.ARM.Collect$$rtentry$$0000000D)
    __rt_entry_postli_1                      0x000002f7   Thumb Code     0  __rtentry2.o(.ARM.Collect$$rtentry$$0000000C)
    __rt_exit                                0x000002ff   Thumb Code     0  rtexit.o(.ARM.Collect$$rtexit$$00000000)
    __rt_exit_ls                             0x00000301   Thumb Code     0  rtexit2.o(.ARM.Collect$$rtexit$$00000003)
    __rt_exit_prels_1                        0x00000301   Thumb Code     0  rtexit2.o(.ARM.Collect$$rtexit$$00000002)
    __rt_exit_exit                           0x00000305   Thumb Code     0  rtexit2.o(.ARM.Collect$$rtexit$$00000004)
    Reset_Handler                            0x0000030d   Thumb Code     8  startup_tm4c123.o(.text)
    NMI_Handler                              0x00000315   Thumb Code     2  startup_tm4c123.o(.text)
    HardFault_Handler                        0x00000317   Thumb Code     2  startup_tm4c123.o(.text)
    MemManage_Handler                        0x00000319   Thumb Code     2  startup_tm4c123.o(.text)
    BusFault_Handler                         0x0000031b   Thumb Code     2  startup_tm4c123.o(.text)
    UsageFault_Handler                       0x0000031d   Thumb Code     2  startup_tm4c123.o(.text)
    SVC_Handler                              0x0000031f   Thumb Code     2  startup_tm4c123.o(.text)
    DebugMon_Handler                         0x00000321   Thumb Code     2  startup_tm4c123.o(.text)
    PendSV_Handler                           0x00000323   Thumb Code     2  startup_tm4c123.o(.text)
    SysTick_Handler                          0x00000325   Thumb Code     2  startup_tm4c123.o(.text)
    GPIOA_Handler                            0x00000327   Thumb Code     2  startup_tm4c123.o(.text)
    GPIOB_Handler                            0x00000329   Thumb Code     2  startup_tm4c123.o(.text)
    GPIOC_Handler                            0x0000032b   Thumb Code     2  startup_tm4c123.o(.text)
    GPIOD_Handler                            0x0000032d   Thumb Code     2  startup_tm4c123.o(.text)
    GPIOE_Handler                            0x0000032f   Thumb Code     2  startup_tm4c123.o(.text)
    UART0_Handler                            0x00000331   Thumb Code     2  startup_tm4c123.o(.text)
    UART1_Handler                            0x00000333   Thumb Code     2  startup_tm4c123.o(.text)
    SSI0_Handler                             0x00000335   Thumb Code     2  startup_tm4c123.o(.text)
    I2C0_Handler                             0x00000337   Thumb Code     2  startup_tm4c123.o(.text)
    PMW0_FAULT_Handler                       0x00000339   Thumb Code     2  startup_tm4c123.o(.text)
    PWM0_0_Handler                           0x0000033b   Thumb Code     2  startup_tm4c123.o(.text)
    PWM0_1_Handler                           0x0000033d   Thumb Code     2  startup_tm4c123.o(.text)
    PWM0_2_Handler                           0x0000033f   Thumb Code     2  startup_tm4c123.o(.text)
    QEI0_Handler                             0x00000341   Thumb Code     2  startup_tm4c123.o(.text)
    ADC0SS0_Handler                          0x00000343   Thumb Code     2  startup_tm4c123.o(.text)
    ADC0SS1_Handler                          0x00000345   Thumb Code     2  startup_tm4c123.o(.text)
    ADC0SS2_Handler                          0x00000347   Thumb Code     2  startup_tm4c123.o(.text)
    ADC0SS3_Handler                          0x00000349   Thumb Code     2  startup_tm4c123.o(.text)
    WDT0_Handler                             0x0000034b   Thumb Code     2  startup_tm4c123.o(.text)
    TIMER0B_Handler                          0x0000034f   Thumb Code     2  startup_tm4c123.o(.text)
    TIMER1B_Handler                          0x00000353   Thumb Code     2  startup_tm4c123.o(.text)
    TIMER2B_Handler                          0x00000357   Thumb Code     2  startup_tm4c123.o(.text)
    COMP0_Handler                            0x00000359   Thumb Code     2  startup_tm4c123.o(.text)
    COMP1_Handler                            0x0000035b   Thumb Code     2  startup_tm4c123.o(.text)
    COMP2_Handler                            0x0000035d   Thumb Code     2  startup_tm4c123.o(.text)
    SYSCTL_Handler                           0x0000035f   Thumb Code     2  startup_tm4c123.o(.text)
    FLASH_Handler                            0x00000361   Thumb Code     2  startup_tm4c123.o(.text)
    GPIOF_Handler                            0x00000363   Thumb Code     2  startup_tm4c123.o(.text)
    GPIOG_Handler                            0x00000365   Thumb Code     2  startup_tm4c123.o(.text)
    GPIOH_Handler                            0x00000367   Thumb Code     2  startup_tm4c123.o(.text)
    UART2_Handler                            0x00000369   Thumb Code     2  startup_tm4c123.o(.text)
    SSI1_Handler                             0x0000036b   Thumb Code     2  startup_tm4c123.o(.text)
    TIMER3B_Handler                          0x0000036f   Thumb Code     2  startup_tm4c123.o(.text)
    I2C1_Handler                             0x00000371   Thumb Code     2  startup_tm4c123.o(.text)
    QEI1_Handler                             0x00000373   Thumb Code     2  startup_tm4c123.o(.text)
    CAN0_Handler                             0x00000375   Thumb Code     2  startup_tm4c123.o(.text)
    CAN1_Handler                             0x00000377   Thumb Code     2  startup_tm4c123.o(.text)
    CAN2_Handler                             0x00000379   Thumb Code     2  startup_tm4c123.o(.text)
    HIB_Handler                              0x0000037b   Thumb Code     2  startup_tm4c123.o(.text)
    USB0_Handler                             0x0000037d   Thumb Code     2  startup_tm4c123.o(.text)
    PWM0_3_Handler                           0x0000037f   Thumb Code     2  startup_tm4c123.o(.text)
    UDMA_Handler                             0x00000381   Thumb Code     2  startup_tm4c123.o(.text)
    UDMAERR_Handler                          0x00000383   Thumb Code     2  startup_tm4c123.o(.text)
    ADC1SS0_Handler                          0x00000385   Thumb Code     2  startup_tm4c123.o(.text)
    ADC1SS1_Handler                          0x00000387   Thumb Code     2  startup_tm4c123.o(.text)
    ADC1SS2_Handler                          0x00000389   Thumb Code     2  startup_tm4c123.o(.text)
    ADC1SS3_Handler                          0x0000038b   Thumb Code     2  startup_tm4c123.o(.text)
    GPIOJ_Handler                            0x0000038d   Thumb Code     2  startup_tm4c123.o(.text)
    GPIOK_Handler                            0x0000038f   Thumb Code     2  startup_tm4c123.o(.text)
    GPIOL_Handler                            0x00000391   Thumb Code     2  startup_tm4c123.o(.text)
    SSI2_Handler                             0x00000393   Thumb Code     2  startup_tm4c123.o(.text)
    SSI3_Handler                             0x00000395   Thumb Code     2  startup_tm4c123.o(.text)
    UART3_Handler                            0x00000397   Thumb Code     2  startup_tm4c123.o(.text)
    UART4_Handler                            0x00000399   Thumb Code     2  startup_tm4c123.o(.text)
    UART5_Handler                            0x0000039b   Thumb Code     2  startup_tm4c123.o(.text)
    UART6_Handler                            0x0000039d   Thumb Code     2  startup_tm4c123.o(.text)
    UART7_Handler                            0x0000039f   Thumb Code     2  startup_tm4c123.o(.text)
    I2C2_Handler                             0x000003a1   Thumb Code     2  startup_tm4c123.o(.text)
    I2C3_Handler                             0x000003a3   Thumb Code     2  startup_tm4c123.o(.text)
    TIMER4B_Handler                          0x000003a7   Thumb Code     2  startup_tm4c123.o(.text)
    TIMER5B_Handler                          0x000003ab   Thumb Code     2  startup_tm4c123.o(.text)
    WTIMER0B_Handler                         0x000003af   Thumb Code     2  startup_tm4c123.o(.text)
    WTIMER1B_Handler                         0x000003b3   Thumb Code     2  startup_tm4c123.o(.text)
    WTIMER2B_Handler                         0x000003b7   Thumb Code     2  startup_tm4c123.o(.text)
    WTIMER3B_Handler                         0x000003bb   Thumb Code     2  startup_tm4c123.o(.text)
    WTIMER4B_Handler                         0x000003bf   Thumb Code     2  startup_tm4c123.o(.text)
    WTIMER5B_Handler                         0x000003c3   Thumb Code     2  startup_tm4c123.o(.text)
    FPU_Handler                              0x000003c5   Thumb Code     2  startup_tm4c123.o(.text)
    I2C4_Handler                             0x000003c7   Thumb Code     2  startup_tm4c123.o(.text)
    I2C5_Handler                             0x000003c9   Thumb Code     2  startup_tm4c123.o(.text)
    GPIOM_Handler                            0x000003cb   Thumb Code     2  startup_tm4c123.o(.text)
    GPION_Handler                            0x000003cd   Thumb Code     2  startup_tm4c123.o(.text)
    QEI2_Handler                             0x000003cf   Thumb Code     2  startup_tm4c123.o(.text)
    GPIOP0_Handler                           0x000003d1   Thumb Code     2  startup_tm4c123.o(.text)
    GPIOP1_Handler                           0x000003d3   Thumb Code     2  startup_tm4c123.o(.text)
    GPIOP2_Handler                           0x000003d5   Thumb Code     2  startup_tm4c123.o(.text)
    GPIOP3_Handler                           0x000003d7   Thumb Code     2  startup_tm4c123.o(.text)
    GPIOP4_Handler                           0x000003d9   Thumb Code     2  startup_tm4c123.o(.text)
    GPIOP5_Handler                           0x000003db   Thumb Code     2  startup_tm4c123.o(.text)
    GPIOP6_Handler                           0x000003dd   Thumb Code     2  startup_tm4c123.o(.text)
    GPIOP7_Handler                           0x000003df   Thumb Code     2  startup_tm4c123.o(.text)
    GPIOQ0_Handler                           0x000003e1   Thumb Code     2  startup_tm4c123.o(.text)
    GPIOQ1_Handler                           0x000003e3   Thumb Code     2  startup_tm4c123.o(.text)
    GPIOQ2_Handler                           0x000003e5   Thumb Code     2  startup_tm4c123.o(.text)
    GPIOQ3_Handler                           0x000003e7   Thumb Code     2  startup_tm4c123.o(.text)
    GPIOQ4_Handler                           0x000003e9   Thumb Code     2  startup_tm4c123.o(.text)
    GPIOQ5_Handler                           0x000003eb   Thumb Code     2  startup_tm4c123.o(.text)
    GPIOQ6_Handler                           0x000003ed   Thumb Code     2  startup_tm4c123.o(.text)
    GPIOQ7_Handler                           0x000003ef   Thumb Code     2  startup_tm4c123.o(.text)
    GPIOR_Handler                            0x000003f1   Thumb Code     2  startup_tm4c123.o(.text)
    GPIOS_Handler                            0x000003f3   Thumb Code     2  startup_tm4c123.o(.text)
    PMW1_0_Handler                           0x000003f5   Thumb Code     2  startup_tm4c123.o(.text)
    PWM1_1_Handler                           0x000003f7   Thumb Code     2  startup_tm4c123.o(.text)
    PWM1_2_Handler                           0x000003f9   Thumb Code     2  startup_tm4c123.o(.text)
    PWM1_3_Handler                           0x000003fb   Thumb Code     2  startup_tm4c123.o(.text)
    PWM1_FAULT_Handler                       0x000003fd   Thumb Code     2  startup_tm4c123.o(.text)
    __user_initial_stackheap                 0x00000401   Thumb Code     0  startup_tm4c123.o(.text)
    __use_two_region_memory                  0x00000421   Thumb Code     2  heapauxi.o(.text)
    __rt_heap_escrow$2region                 0x00000423   Thumb Code     2  heapauxi.o(.text)
    __rt_heap_expand$2region                 0x00000425   Thumb Code     2  heapauxi.o(.text)
    __user_setup_stackheap                   0x00000427   Thumb Code    74  sys_stackheap_outer.o(.text)
    exit                                     0x00000471   Thumb Code    18  exit.o(.text)
    __user_libspace                          0x00000485   Thumb Code     8  libspace.o(.text)
    __user_perproc_libspace                  0x00000485   Thumb Code     0  libspace.o(.text)
    __user_perthread_libspace                0x00000485   Thumb Code     0  libspace.o(.text)
    _sys_exit                                0x0000048d   Thumb Code     8  sys_exit.o(.text)
    __I$use$semihosting                      0x00000499   Thumb Code     0  use_no_semi.o(.text)
    __use_no_semihosting_swi                 0x00000499   Thumb Code     2  use_no_semi.o(.text)
    __semihosting_library_function           0x0000049b   Thumb Code     0  indicate_semi.o(.text)
    Appl_DimmingHanlder                      0x0000049d   Thumb Code    12  main.o(.text.Appl_DimmingHanlder)
    Appl_SecStartUpConfig                    0x000004a9   Thumb Code    58  main.o(.text.Appl_SecStartUpConfig)
    Appl_SecTimerHanlder                     0x000004e5   Thumb Code   196  main.o(.text.Appl_SecTimerHanlder)
    Dio_FlipChannel                          0x000005a9   Thumb Code    90  dio.o(.text.Dio_FlipChannel)
    Dio_ReadChannel                          0x00000605   Thumb Code   102  dio.o(.text.Dio_ReadChannel)
    Dio_WriteChannel                         0x0000066d   Thumb Code   186  dio.o(.text.Dio_WriteChannel)
    Gpt_Init                                 0x00000729   Thumb Code   172  gpt.o(.text.Gpt_Init)
    Gpt_StartTimer                           0x000008fd   Thumb Code    70  gpt.o(.text.Gpt_StartTimer)
    Gpt_StopTimer                            0x00000945   Thumb Code    68  gpt.o(.text.Gpt_StopTimer)
    IntCrtl_Init                             0x00000a15   Thumb Code    56  intctrl.o(.text.IntCrtl_Init)
    Port_Init                                0x00000a4d   Thumb Code   160  port.o(.text.Port_Init)
    SystemInit                               0x00000bc1   Thumb Code   268  system_tm4c123.o(.text.SystemInit)
    TIMER0A_Handler                          0x00000ccd   Thumb Code    18  gpt.o(.text.TIMER0A_Handler)
    TIMER1A_Handler                          0x00000ce1   Thumb Code    18  gpt.o(.text.TIMER1A_Handler)
    TIMER2A_Handler                          0x00000cf5   Thumb Code    18  gpt.o(.text.TIMER2A_Handler)
    TIMER3A_Handler                          0x00000d09   Thumb Code    18  gpt.o(.text.TIMER3A_Handler)
    TIMER4A_Handler                          0x00000d1d   Thumb Code    18  gpt.o(.text.TIMER4A_Handler)
    TIMER5A_Handler                          0x00000d31   Thumb Code    18  gpt.o(.text.TIMER5A_Handler)
    WTIMER0A_Handler                         0x00000d45   Thumb Code    18  gpt.o(.text.WTIMER0A_Handler)
    WTIMER1A_Handler                         0x00000d59   Thumb Code    18  gpt.o(.text.WTIMER1A_Handler)
    WTIMER2A_Handler                         0x00000d6d   Thumb Code    18  gpt.o(.text.WTIMER2A_Handler)
    WTIMER3A_Handler                         0x00000d81   Thumb Code    18  gpt.o(.text.WTIMER3A_Handler)
    WTIMER4A_Handler                         0x00000d95   Thumb Code    18  gpt.o(.text.WTIMER4A_Handler)
    WTIMER5A_Handler                         0x00000da9   Thumb Code    18  gpt.o(.text.WTIMER5A_Handler)
    main                                     0x00000e19   Thumb Code   126  main.o(.text.main)
    _fp_init                                 0x000012cb   Thumb Code    26  fpinit.o(x$fpl$fpinit)
    __fplib_config_fpu_vfp                   0x000012e3   Thumb Code     0  fpinit.o(x$fpl$fpinit)
    __fplib_config_pureend_doubles           0x000012e3   Thumb Code     0  fpinit.o(x$fpl$fpinit)
    GptConfigPtr                             0x000012e4   Data          16  gpt_lcfg.o(.rodata.GptConfigPtr)
    PortConfigPtr                            0x000012f4   Data          18  port_lcfg.o(.rodata.PortConfigPtr)
    gptCallbackNotifications                 0x00001308   Data          48  gpt_lcfg.o(.rodata.gptCallbackNotifications)
    Region$$Table$$Base                      0x00001338   Number         0  anon$$obj.o(Region$$Table)
    Region$$Table$$Limit                     0x00001358   Number         0  anon$$obj.o(Region$$Table)
    __libspace_start                         0x20000008   Data          96  libspace.o(.bss)
    __temporary_stack_top$libspace           0x20000068   Data           0  libspace.o(.bss)



==============================================================================

Memory Map of the image

  Image Entry point : 0x0000030d

  Load Region LR_1 (Base: 0x00000000, Size: 0x0000135c, Max: 0xffffffff, ABSOLUTE)

    Execution Region ER_RO (Exec base: 0x00000000, Load base: 0x00000000, Size: 0x00001358, Max: 0xffffffff, ABSOLUTE)

    Exec Addr    Load Addr    Size         Type   Attr      Idx    E Section Name        Object

    0x00000000   0x00000000   0x0000026c   Data   RO          138    RESET               startup_tm4c123.o
    0x0000026c   0x0000026c   0x00000008   Code   RO          163  * !!!main             c_w.l(__main.o)
    0x00000274   0x00000274   0x00000034   Code   RO          336    !!!scatter          c_w.l(__scatter.o)
    0x000002a8   0x000002a8   0x0000001a   Code   RO          338    !!handler_copy      c_w.l(__scatter_copy.o)
    0x000002c2   0x000002c2   0x00000002   PAD
    0x000002c4   0x000002c4   0x0000001c   Code   RO          340    !!handler_zi        c_w.l(__scatter_zi.o)
    0x000002e0   0x000002e0   0x00000002   Code   RO          198    .ARM.Collect$$libinit$$00000000  c_w.l(libinit.o)
    0x000002e2   0x000002e2   0x00000004   Code   RO          204    .ARM.Collect$$libinit$$00000001  c_w.l(libinit2.o)
    0x000002e6   0x000002e6   0x00000000   Code   RO          207    .ARM.Collect$$libinit$$00000004  c_w.l(libinit2.o)
    0x000002e6   0x000002e6   0x00000000   Code   RO          209    .ARM.Collect$$libinit$$00000006  c_w.l(libinit2.o)
    0x000002e6   0x000002e6   0x00000000   Code   RO          212    .ARM.Collect$$libinit$$0000000C  c_w.l(libinit2.o)
    0x000002e6   0x000002e6   0x00000000   Code   RO          214    .ARM.Collect$$libinit$$0000000E  c_w.l(libinit2.o)
    0x000002e6   0x000002e6   0x00000000   Code   RO          216    .ARM.Collect$$libinit$$00000010  c_w.l(libinit2.o)
    0x000002e6   0x000002e6   0x00000000   Code   RO          219    .ARM.Collect$$libinit$$00000013  c_w.l(libinit2.o)
    0x000002e6   0x000002e6   0x00000000   Code   RO          221    .ARM.Collect$$libinit$$00000015  c_w.l(libinit2.o)
    0x000002e6   0x000002e6   0x00000000   Code   RO          223    .ARM.Collect$$libinit$$00000017  c_w.l(libinit2.o)
    0x000002e6   0x000002e6   0x00000000   Code   RO          225    .ARM.Collect$$libinit$$00000019  c_w.l(libinit2.o)
    0x000002e6   0x000002e6   0x00000000   Code   RO          227    .ARM.Collect$$libinit$$0000001B  c_w.l(libinit2.o)
    0x000002e6   0x000002e6   0x00000000   Code   RO          229    .ARM.Collect$$libinit$$0000001D  c_w.l(libinit2.o)
    0x000002e6   0x000002e6   0x00000000   Code   RO          231    .ARM.Collect$$libinit$$0000001F  c_w.l(libinit2.o)
    0x000002e6   0x000002e6   0x00000000   Code   RO          233    .ARM.Collect$$libinit$$00000021  c_w.l(libinit2.o)
    0x000002e6   0x000002e6   0x00000000   Code   RO          235    .ARM.Collect$$libinit$$00000023  c_w.l(libinit2.o)
    0x000002e6   0x000002e6   0x00000000   Code   RO          237    .ARM.Collect$$libinit$$00000025  c_w.l(libinit2.o)
    0x000002e6   0x000002e6   0x00000000   Code   RO          239    .ARM.Collect$$libinit$$00000027  c_w.l(libinit2.o)
    0x000002e6   0x000002e6   0x00000000   Code   RO          243    .ARM.Collect$$libinit$$0000002E  c_w.l(libinit2.o)
    0x000002e6   0x000002e6   0x00000000   Code   RO          245    .ARM.Collect$$libinit$$00000030  c_w.l(libinit2.o)
    0x000002e6   0x000002e6   0x00000000   Code   RO          247    .ARM.Collect$$libinit$$00000032  c_w.l(libinit2.o)
    0x000002e6   0x000002e6   0x00000000   Code   RO          249    .ARM.Collect$$libinit$$00000034  c_w.l(libinit2.o)
    0x000002e6   0x000002e6   0x00000002   Code   RO          250    .ARM.Collect$$libinit$$00000035  c_w.l(libinit2.o)
    0x000002e8   0x000002e8   0x00000002   Code   RO          272    .ARM.Collect$$libshutdown$$00000000  c_w.l(libshutdown.o)
    0x000002ea   0x000002ea   0x00000000   Code   RO          287    .ARM.Collect$$libshutdown$$00000002  c_w.l(libshutdown2.o)
    0x000002ea   0x000002ea   0x00000000   Code   RO          289    .ARM.Collect$$libshutdown$$00000004  c_w.l(libshutdown2.o)
    0x000002ea   0x000002ea   0x00000000   Code   RO          292    .ARM.Collect$$libshutdown$$00000007  c_w.l(libshutdown2.o)
    0x000002ea   0x000002ea   0x00000000   Code   RO          295    .ARM.Collect$$libshutdown$$0000000A  c_w.l(libshutdown2.o)
    0x000002ea   0x000002ea   0x00000000   Code   RO          297    .ARM.Collect$$libshutdown$$0000000C  c_w.l(libshutdown2.o)
    0x000002ea   0x000002ea   0x00000000   Code   RO          300    .ARM.Collect$$libshutdown$$0000000F  c_w.l(libshutdown2.o)
    0x000002ea   0x000002ea   0x00000002   Code   RO          301    .ARM.Collect$$libshutdown$$00000010  c_w.l(libshutdown2.o)
    0x000002ec   0x000002ec   0x00000000   Code   RO          173    .ARM.Collect$$rtentry$$00000000  c_w.l(__rtentry.o)
    0x000002ec   0x000002ec   0x00000000   Code   RO          175    .ARM.Collect$$rtentry$$00000002  c_w.l(__rtentry2.o)
    0x000002ec   0x000002ec   0x00000006   Code   RO          187    .ARM.Collect$$rtentry$$00000004  c_w.l(__rtentry4.o)
    0x000002f2   0x000002f2   0x00000000   Code   RO          177    .ARM.Collect$$rtentry$$00000009  c_w.l(__rtentry2.o)
    0x000002f2   0x000002f2   0x00000004   Code   RO          178    .ARM.Collect$$rtentry$$0000000A  c_w.l(__rtentry2.o)
    0x000002f6   0x000002f6   0x00000000   Code   RO          180    .ARM.Collect$$rtentry$$0000000C  c_w.l(__rtentry2.o)
    0x000002f6   0x000002f6   0x00000008   Code   RO          181    .ARM.Collect$$rtentry$$0000000D  c_w.l(__rtentry2.o)
    0x000002fe   0x000002fe   0x00000002   Code   RO          202    .ARM.Collect$$rtexit$$00000000  c_w.l(rtexit.o)
    0x00000300   0x00000300   0x00000000   Code   RO          252    .ARM.Collect$$rtexit$$00000002  c_w.l(rtexit2.o)
    0x00000300   0x00000300   0x00000004   Code   RO          253    .ARM.Collect$$rtexit$$00000003  c_w.l(rtexit2.o)
    0x00000304   0x00000304   0x00000006   Code   RO          254    .ARM.Collect$$rtexit$$00000004  c_w.l(rtexit2.o)
    0x0000030a   0x0000030a   0x00000002   PAD
    0x0000030c   0x0000030c   0x00000114   Code   RO          139  * .text               startup_tm4c123.o
    0x00000420   0x00000420   0x00000006   Code   RO          161    .text               c_w.l(heapauxi.o)
    0x00000426   0x00000426   0x0000004a   Code   RO          189    .text               c_w.l(sys_stackheap_outer.o)
    0x00000470   0x00000470   0x00000012   Code   RO          191    .text               c_w.l(exit.o)
    0x00000482   0x00000482   0x00000002   PAD
    0x00000484   0x00000484   0x00000008   Code   RO          199    .text               c_w.l(libspace.o)
    0x0000048c   0x0000048c   0x0000000c   Code   RO          262    .text               c_w.l(sys_exit.o)
    0x00000498   0x00000498   0x00000002   Code   RO          277    .text               c_w.l(use_no_semi.o)
    0x0000049a   0x0000049a   0x00000000   Code   RO          279    .text               c_w.l(indicate_semi.o)
    0x0000049a   0x0000049a   0x00000002   PAD
    0x0000049c   0x0000049c   0x0000000c   Code   RO           12    .text.Appl_DimmingHanlder  main.o
    0x000004a8   0x000004a8   0x0000003a   Code   RO            8    .text.Appl_SecStartUpConfig  main.o
    0x000004e2   0x000004e2   0x00000002   PAD
    0x000004e4   0x000004e4   0x000000c4   Code   RO           10    .text.Appl_SecTimerHanlder  main.o
    0x000005a8   0x000005a8   0x0000005a   Code   RO           77    .text.Dio_FlipChannel  dio.o
    0x00000602   0x00000602   0x00000002   PAD
    0x00000604   0x00000604   0x00000066   Code   RO           69    .text.Dio_ReadChannel  dio.o
    0x0000066a   0x0000066a   0x00000002   PAD
    0x0000066c   0x0000066c   0x000000ba   Code   RO           71    .text.Dio_WriteChannel  dio.o
    0x00000726   0x00000726   0x00000002   PAD
    0x00000728   0x00000728   0x000000ac   Code   RO           87    .text.Gpt_Init      gpt.o
    0x000007d4   0x000007d4   0x00000044   Code   RO           91    .text.Gpt_IntCtl    gpt.o
    0x00000818   0x00000818   0x00000046   Code   RO           93    .text.Gpt_LoadIntervalVal  gpt.o
    0x0000085e   0x0000085e   0x00000002   PAD
    0x00000860   0x00000860   0x0000009a   Code   RO           89    .text.Gpt_SetMode   gpt.o
    0x000008fa   0x000008fa   0x00000002   PAD
    0x000008fc   0x000008fc   0x00000046   Code   RO           95    .text.Gpt_StartTimer  gpt.o
    0x00000942   0x00000942   0x00000002   PAD
    0x00000944   0x00000944   0x00000044   Code   RO           97    .text.Gpt_StopTimer  gpt.o
    0x00000988   0x00000988   0x0000008c   Code   RO            4    .text.HandleUserInput  main.o
    0x00000a14   0x00000a14   0x00000038   Code   RO           35    .text.IntCrtl_Init  intctrl.o
    0x00000a4c   0x00000a4c   0x000000a0   Code   RO           43    .text.Port_Init     port.o
    0x00000aec   0x00000aec   0x000000d2   Code   RO            6    .text.RunningStateHanlder  main.o
    0x00000bbe   0x00000bbe   0x00000002   PAD
    0x00000bc0   0x00000bc0   0x0000010c   Code   RO          150    .text.SystemInit    system_tm4c123.o
    0x00000ccc   0x00000ccc   0x00000012   Code   RO           99    .text.TIMER0A_Handler  gpt.o
    0x00000cde   0x00000cde   0x00000002   PAD
    0x00000ce0   0x00000ce0   0x00000012   Code   RO          101    .text.TIMER1A_Handler  gpt.o
    0x00000cf2   0x00000cf2   0x00000002   PAD
    0x00000cf4   0x00000cf4   0x00000012   Code   RO          103    .text.TIMER2A_Handler  gpt.o
    0x00000d06   0x00000d06   0x00000002   PAD
    0x00000d08   0x00000d08   0x00000012   Code   RO          105    .text.TIMER3A_Handler  gpt.o
    0x00000d1a   0x00000d1a   0x00000002   PAD
    0x00000d1c   0x00000d1c   0x00000012   Code   RO          107    .text.TIMER4A_Handler  gpt.o
    0x00000d2e   0x00000d2e   0x00000002   PAD
    0x00000d30   0x00000d30   0x00000012   Code   RO          109    .text.TIMER5A_Handler  gpt.o
    0x00000d42   0x00000d42   0x00000002   PAD
    0x00000d44   0x00000d44   0x00000012   Code   RO          111    .text.WTIMER0A_Handler  gpt.o
    0x00000d56   0x00000d56   0x00000002   PAD
    0x00000d58   0x00000d58   0x00000012   Code   RO          113    .text.WTIMER1A_Handler  gpt.o
    0x00000d6a   0x00000d6a   0x00000002   PAD
    0x00000d6c   0x00000d6c   0x00000012   Code   RO          115    .text.WTIMER2A_Handler  gpt.o
    0x00000d7e   0x00000d7e   0x00000002   PAD
    0x00000d80   0x00000d80   0x00000012   Code   RO          117    .text.WTIMER3A_Handler  gpt.o
    0x00000d92   0x00000d92   0x00000002   PAD
    0x00000d94   0x00000d94   0x00000012   Code   RO          119    .text.WTIMER4A_Handler  gpt.o
    0x00000da6   0x00000da6   0x00000002   PAD
    0x00000da8   0x00000da8   0x00000012   Code   RO          121    .text.WTIMER5A_Handler  gpt.o
    0x00000dba   0x00000dba   0x00000002   PAD
    0x00000dbc   0x00000dbc   0x0000005c   Code   RO           45    .text.enablePortClkGating  port.o
    0x00000e18   0x00000e18   0x0000007e   Code   RO            2    .text.main          main.o
    0x00000e96   0x00000e96   0x00000002   PAD
    0x00000e98   0x00000e98   0x00000132   Code   RO           47    .text.setPortXPinDir  port.o
    0x00000fca   0x00000fca   0x00000002   PAD
    0x00000fcc   0x00000fcc   0x0000009a   Code   RO           53    .text.setPortXPinLevelValue  port.o
    0x00001066   0x00001066   0x00000002   PAD
    0x00001068   0x00001068   0x000000e0   Code   RO           49    .text.setPortXPinMode  port.o
    0x00001148   0x00001148   0x00000182   Code   RO           51    .text.setPortXpinIntAttach  port.o
    0x000012ca   0x000012ca   0x0000001a   Code   RO          260    x$fpl$fpinit        fz_wm.l(fpinit.o)
    0x000012e4   0x000012e4   0x00000010   Data   RO          131    .rodata.GptConfigPtr  gpt_lcfg.o
    0x000012f4   0x000012f4   0x00000012   Data   RO           63    .rodata.PortConfigPtr  port_lcfg.o
    0x00001306   0x00001306   0x00000002   PAD
    0x00001308   0x00001308   0x00000030   Data   RO          130    .rodata.gptCallbackNotifications  gpt_lcfg.o
    0x00001338   0x00001338   0x00000020   Data   RO          335    Region$$Table       anon$$obj.o


    Execution Region ER_RW (Exec base: 0x20000000, Load base: 0x00001358, Size: 0x00000004, Max: 0xffffffff, ABSOLUTE)

    Exec Addr    Load Addr    Size         Type   Attr      Idx    E Section Name        Object

    0x20000000   0x00001358   0x00000001   Data   RW           17    .data.Appl_SecStartUpConfig.StartupTimeTolerance  main.o
    0x20000001   0x00001359   0x00000001   Data   RW           14    .data.main.sw1State  main.o
    0x20000002   0x0000135a   0x00000001   Data   RW           15    .data.main.sw2State  main.o


    Execution Region ER_ZI (Exec base: 0x20000008, Load base: 0x0000135c, Size: 0x00000270, Max: 0xffffffff, ABSOLUTE)

    Exec Addr    Load Addr    Size         Type   Attr      Idx    E Section Name        Object

    0x20000008        -       0x00000060   Zero   RW          200    .bss                c_w.l(libspace.o)
    0x20000068        -       0x00000001   Zero   RW           26    .bss.HandleUserInput.startTimerOnce  main.o
    0x20000069        -       0x00000001   Zero   RW           18    .bss.RunningSubStates  main.o
    0x2000006a        -       0x00000001   Zero   RW           25    .bss.dimmingTimerControl  main.o
    0x2000006b        -       0x00000001   Zero   RW           24    .bss.offTimeInputCounterSec  main.o
    0x2000006c        -       0x00000001   Zero   RW           22    .bss.offTimerControl  main.o
    0x2000006d        -       0x00000001   Zero   RW           21    .bss.offtimeCalc    main.o
    0x2000006e        -       0x00000001   Zero   RW           23    .bss.onTimeInputCounterSec  main.o
    0x2000006f        -       0x00000001   Zero   RW           20    .bss.onTimerControl  main.o
    0x20000070        -       0x00000001   Zero   RW           19    .bss.ontimeCalc     main.o
    0x20000071        -       0x00000001   Zero   RW           16    .bss.stateMachine   main.o
    0x20000072   0x0000135c   0x00000006   PAD
    0x20000078        -       0x00000000   Zero   RW          137    HEAP                startup_tm4c123.o
    0x20000078        -       0x00000200   Zero   RW          136    STACK               startup_tm4c123.o


==============================================================================

Image component sizes


      Code (inc. data)   RO Data    RW Data    ZI Data      Debug   Object Name

       378          0          0          0          0       2008   dio.o
       818          0          0          0          0       3204   gpt.o
         0          0         64          0          0       1261   gpt_lcfg.o
        56          0          0          0          0        572   intctrl.o
       742          0          0          3         10       2778   main.o
      1322          0          0          0          0       2742   port.o
         0          0         18          0          0       1274   port_lcfg.o
       276         24        620          0        512       5540   startup_tm4c123.o
       268          0          0          0          0       6809   system_tm4c123.o

    ----------------------------------------------------------------------
      3906         24        736          4        528      26188   Object Totals
         0          0         32          0          0          0   (incl. Generated)
        46          0          2          1          6          0   (incl. Padding)

    ----------------------------------------------------------------------

      Code (inc. data)   RO Data    RW Data    ZI Data      Debug   Library Member Name

         8          0          0          0          0         68   __main.o
         0          0          0          0          0          0   __rtentry.o
        12          0          0          0          0          0   __rtentry2.o
         6          0          0          0          0          0   __rtentry4.o
        52          8          0          0          0          0   __scatter.o
        26          0          0          0          0          0   __scatter_copy.o
        28          0          0          0          0          0   __scatter_zi.o
        18          0          0          0          0         80   exit.o
         6          0          0          0          0        152   heapauxi.o
         0          0          0          0          0          0   indicate_semi.o
         2          0          0          0          0          0   libinit.o
         6          0          0          0          0          0   libinit2.o
         2          0          0          0          0          0   libshutdown.o
         2          0          0          0          0          0   libshutdown2.o
         8          4          0          0         96         68   libspace.o
         2          0          0          0          0          0   rtexit.o
        10          0          0          0          0          0   rtexit2.o
        12          4          0          0          0         68   sys_exit.o
        74          0          0          0          0         80   sys_stackheap_outer.o
         2          0          0          0          0         68   use_no_semi.o
        26          0          0          0          0        116   fpinit.o

    ----------------------------------------------------------------------
       310         16          0          0         96        700   Library Totals
         8          0          0          0          0          0   (incl. Padding)

    ----------------------------------------------------------------------

      Code (inc. data)   RO Data    RW Data    ZI Data      Debug   Library Name

       276         16          0          0         96        584   c_w.l
        26          0          0          0          0        116   fz_wm.l

    ----------------------------------------------------------------------
       310         16          0          0         96        700   Library Totals

    ----------------------------------------------------------------------

==============================================================================


      Code (inc. data)   RO Data    RW Data    ZI Data      Debug   

      4216         40        736          4        624      26632   Grand Totals
      4216         40        736          4        624      26632   ELF Image Totals
      4216         40        736          4          0          0   ROM Totals

==============================================================================

    Total RO  Size (Code + RO Data)                 4952 (   4.84kB)
    Total RW  Size (RW Data + ZI Data)               628 (   0.61kB)
    Total ROM Size (Code + RO Data + RW Data)       4956 (   4.84kB)

==============================================================================

